[    0.000000] Linux version 4.15.0-66-generic (buildd@lgw01-amd64-044) (gcc version 7.4.0 (Ubuntu 7.4.0-1ubuntu1~18.04.1)) #75-Ubuntu SMP Tue Oct 1 05:24:09 UTC 2019 (Ubuntu 4.15.0-66.75-generic 4.15.18)
[    0.0000] Command line: BOOT_IMAGE=/boot/vmlinuz-4.15.0-66-generic root=LABEL=cloudimg-rootfs ro console=tty1 cosole=ttyS0
[    0.000000] KERNEL supported cpus:
[    0.000000]   Intel GenuineIntel
[    0.000000]   AMD AuthenticAMD
[    0.000000]   Centaur CentaurHauls
[    0.000000] random: get_random_u32 called from bsp_init_amd+0x207/0x2c0 with crng_init=0
[    0.000000] x86/fpu: Supporting XSAVE feature 0x001: 'x87 floating point registers'
[    0.000000] x86/fpu: Supporting XSAVE featre 0x002: 'SSE registers'
[    0.000000] x8/fpu Supporting XSAVE feature 0x004: 'AVX registers'
[    0.000000] x86/fpu: xstate_offset[2]:  576, xstate_sizes[2]:  256
[    0.000000] x86/fpu: Enabled xstate features 0x7, context size is 832 bytes, using 'standard' format.
[    0.000000] e820: BIOS-provided physical RAM map:
[    0.000000] BIOS-e820: [mem 0x0000000000000000-0x000000000009fbff] usable
[    0.000000] BIOS-e820: [mem 0x000000000009fc00-0x000000000009ffff] reserved
[    0.000000] BIOS-e820: [mem 0x00000000000f0000-0x00000000000fffff] reserved
[    0.000000] BIOS-e820: [mem 0x0000000000100000-0x000000003ffeffff] usable
[    0.000000] BIOS-e820: [mem 0x000000003fff0000-0x000000003fffffff] ACPI data
[    0.000000] BIOS-e820: [mem 0x00000000fec00000-0x00000000fec00fff] reserved
[    0.000000] BIOS-e820: [mem 0x00000000fee00000-0x00000000fee00fff] reserved
[    0.000000] BIOS-e820: [mem 0x00000000fffc0000-0x00000000ffffffff] reserved
[    0.000000] NX (Execute Disable) protection: ative
[    0.000000] SMBIOS 2.5 present.
[    0.000000] DMI: innotek GmbH VirtualBox/VirtualBox, BIOS VirtualBox 12/01/2006
[    0.000000] Hypervisor detected: KVM
[    0.000000] e820: last_pfn = 0x3fff0 max_arch_pfn = 0x400000000
[    .000000] MTRR: Disabled
[    0.000000] x86/PAT: MTRRs disabled, skipping PAT initialization too.
[    0.000000] CPU MTRRs all blank - virtualized system.
[    0.000000] x86/PAT: Configuration [0-7]: WB  WT  UC- UC  WB  WT  UC- UC  
[    0.000000] found SMP MP-table at [mem 0x0009fff0-0x0009ffff]
[    0.000000] Sanning1 areas for low memory corruption
[    0.000000] RAMDISK: [mem 0x35a8b000-0x36d3cfff]
[    0.000000] ACPI: Early table checksum verification disabled
[    0.000000] ACPI: RSDP 0x00000000000E0000 000024 (v02 VBOX  )
[    0.000000] ACPI: XSDT 0x000000003FFF0030 00003C (v01 VBOX   VBOXXSDT 00000001 ASL  00000061)
[    0.000000] ACPI: FACP 0x000000003FFF00F0 0000F4 (v04 VBOX   VBOXFACP 00000001 ASL  00000061)
[    0.000000] ACPI: DSDT 0x000000003FFF0470 0021FF (v02 VBOX   VBOXBIOS 00000002 INTL 20180105)
[    0.000000] ACPI: FACS 0x000000003FFF0200 000040
[    0.000000] ACPI: FACS 0x000000003FFF0200 000040
[    0.000000] ACPI: APIC 0x000000003FFF0240 00005C (v02 VBOX   VBOXAPIC 00000001 ASL  00000061)
[    0.000000] ACPI: SSDT 0x000000003FFF02A0 0001CC (v01 VBOX   VBOXCPUT 00000002 INTL 20180105)
[    0.000000] No NUMA configuration found
[    0.000000] Faking a node at [mem 0x0000000000000000-0x000000003ffeffff]
[    0.000000] NODE_DATA(0) allocated [mem 0x3ffc5000-0x3ffeffff]
[    0.000000] kvm-clock: cpu 0, msr 0:3ff44001, primary cpu clock
[    0.000000] kvm-clock: Using msrs 4b564d01 and 4b564d00
[    0.000000] kvm-clock: using sched offset of 3870486617 cycles
[    0.000000] clocksource: kvm-clock: mask: 0xffffffffffffffff max_cycles:0x1cd42e4dffb, max_idle_ns: 881590591483 ns
[    0.000000] Zone rages:
[    0.000000]   DMA      [mem 0x0000000000001000-0x0000000000ffffff]
[    0.000000]   DMA32    [mem 0x0000000001000000-0x000000003ffeffff]
[    0.000000]   Normal   empty
[    0.000000]   Device   empty
[    0.000000] Movable zone start for each node
[    0.000000] Early memory node ranges
[    0.000000]   node   0: [mem 0x0000000000001000-0x000000000009efff]
[    0.000000]   node   0: [mem 0x0000000000100000-0x000000003ffeffff]
    0.000000] Reserved but unavailable: 98 pages
[    0.000000] Initmem setup node 0 [mem 0x0000000000001000-0x000000003ffeffff]
[    0.00000] ACPI: PM-Timer IO Port: 0x4008
[    0.000000] IOAPIC[0]: apic_id 2, version 32, address 0xfec00000, GSI 0-23
[    0.000000] ACPI: INT_SRC_OVR (bus 0 bus_irq 0 global_irq 2 dfl dfl)
[    0.000000] ACPI: INT_SRC_OVR (bus 0 bus_irq 9 globl_irq 9 low level)
[    0.000000] Using ACPI (MADT) for SMP configuration information
[    0.000000] smpboot: Allowing 2 CPUs, 0 hotplug CPUs
[    0.000000] PM: Registered nosave memory: [mem 0x00000000-0x00000fff]
[    0.000000] PM: Registered nosave memory: [mem 0x0009f000-0x0009ffff]
[    0.000000] PM: Registered nosave memory: [mem 0x000a0000-0x000effff]
[    0.000000] PM: Registered nosave memory: [mem 0x000f0000-0x000fffff]
[    0.000000] e820: [mem 0x40000000-0xfebfffff] available for PCI devices
[    0.000000] Booting paravirtualized kernel on KVM
[    0.000000] clocksource: refined-jiffies: mask: 0xffffffff max_cycles: 0xffffffff, max_idle_ns: 7645519600211568 ns
[    0.000000] setup_percpu: NR_CPUS:8192 nr_cpumask_bits:2 nr_cpu_ids:2 nr_node_ids:1
[    0.000000] percpu: Embedded 46 pages/cpu s51552 r8192 d28672 u1048576
[    0.000000] PV qspinlock hash table entries: 256 (order: 0, 4096 bytes)
[    0.000000] Built 1 zonelists, mobility grouping on.  Total pages: 257913
[    0.000000] Policy zone: DMA32
[    0.000000] Kernel command line: BOOT_IMAGE=/boot/vmlinuz-4.15.0-66-generic root=LABEL=cloudimg-rootfs ro console=tty1 console=ttyS0
[    0.000000] Memory: 983436K/1048120K available (12300K kernel code, 2481K rwdata, 4260K rodata, 2436K init, 2388K bss, 64684K reserved, 0K cma-reserved)
[    0.000000] SLUB: HWalign=64, Order=0-3, MinObjects=0, PUs=2, Nodes=1
[    0.000000] ftrace: allocating 39306 entries in 154 pages
[    0.004000] Hierarchical RCU implementation.
[    0.00400] 	RCU estricting CPUs from NR_CPUS=8192 to nr_cpu_ids=2.
[    0.004000] 	Tasks RCU enabled.
[    0.004000] RCU: Adjusting geometry for rcu_fanout_leaf=16, nr_cpu_ids=2
[    0.004000] NR_IRQS: 524544, nr_irqs: 440, preallocated irqs: 16
[    0.004000] Console: colour VGA+ 80x25
[    0.004000] console [tty1] enabled
[    0.004000] console [ttyS0] enabled
[    0.004000] ACPI: Core revision 20170831
[    0.004000] ACPI: 2 ACPI AML tables successfully acquired and loaded
[    0.004000] APIC: Switch to symmetric I/O mode setup
[    0.004000] x2apic enabled
[    0.004000] Switched APIC routing to physical x2apc.
[    0.009114] ..TIMER: vector=0x30 apic1=0 pin1=2 apic2=-1 pin2=-1
[    0.012013] tsc: Detected 2595.128 MHz processor
[    0.016021] tsc: Marking TSC unstable due to TSCs unsynchronized
[    0.017050] Calibrating delay loop (skipped) preset value.. 5190.25 BogoMIPS (lpj=10380512)
[    0.020014] pid_max: default: 32768 minimum: 301
[    0.020842] Security Framework initialized
[    0.021583] Yama: becoming mindful.
[    0.024071] AppArmor: AppArmor initialized
[    0.032021] Dentry cache hash table entries: 131072 (order: 8, 1048576 bytes)
[    0.036167] Inode-cache hash table entries: 65536 (order: 7, 524288 bytes)
[    0.040053] Mount-cache hash table entries: 2048 (order: 2, 16384 bytes)
[    0.044031] Mountpoint-cache hash table entries: 2048 (order: 2, 16384 bytes)
[    0.048433] Last level iTLB entries: 4KB 512, 2MB 1024, 4MB 512
[    0.052014] Last level dTLB entries: 4KB 1024, 2MB 1024, 4MB 512, 1GB 0
[    0.053124] Spectre V1 : Mitigation: usercopy/swapgs barriers and __user pointer sanitization
[    0.056014] Spectre V2 : Spectre mitigation: LFENCE not serializing, switching to generic retpoline
[    0.060012] Spectre V2 : Mitigation: Full generic retpoline
[    0.064010] Spectre V2 : Spectre v2 / SpectreRSB mitigation: Filling RSB on context switch
[    0.065330] Speculative Store Bypass: Mitigation: Speculative Store Bypass disabled via prctl and seccomp
[    0.068266] Freeing SMP alternatives memory: 36K
[    0.182608] smpboot: CPU0: AMD A6-9225 RADEON R4, 5 COMPUTE CORES 2C+3G (family: 0x15, model: 0x70, stepping: 0x0)
[    0.184189] Performance Events: PMU not available due to virtualization, using software events only.
[    0.188136] Hierarchical SRCU implementation.
[    0.192906] NMI watchdog: Perf event create on CPU 0 failed with -2
[    0.196013] NMI watchdog: Perf NMI watchdog permanently disabled
[    0.197133] smp: Bringing up secondary CPUs ...
[    0.200246] x86: Booting SMP configuration:
[    0.204015] .... node  #0, CPUs:      #1
[    0.004000] kvm-clock: cpu 1, msr 0:3ff44041, secondary cpu clock
[    0.224368] smp: Brought up 1 node, 2 CPUs
[    0.224781] smpboot: Max logical packages: 1
[    0.225525] smpboot: Total of 2 processors activated (10380.51 BogoMIPS)
[    0.228336] devtmpfs: initialized
[    0.228783] x86/mm: Memory block size: 128MB
[    0.229774] evm: security.selinux
[    0.230409] evm: security.SMACK64
[    0.231057] evm: security.SMACK64EXEC
[    0.232007] evm: security.SMACK64TRANSMUTE
[    0.232763] evm: security.SMACK64MMAP
[    0.244009] evm: security.apparmor
[    0.244637] evm: security.ima
[    0.247607] evm: security.capability
[    0.249261] clocksource: jiffies: mask: 0xffffffff max_cycles: 0xffffffff, max_idle_ns: 7645041785100000 ns
[    0.252039] futex hash table entries: 512 (order: 3, 32768 bytes)
[    0.256142] pinctrl core: initialized pinctrl subsystem
[    0.257452] RTC time: 23:43:11, date: 12/17/19
[    0.260245] NET: Registered protocol family 16
[    0.261122] audit: initializing netlink subsys (disabled)
[    0.262018] audit: type=2000 audit(1576626195.125:1): state=initialized audit_enabled=0 res=1
[    0.264043] cpuidle: using governor ladder
[    0.264748] cpuidle: using governor menu
[    0.268286] ACPI: bus type PCI registered
[    0.280013] acpiphp: ACPI Hot Plug PCI Controller Driver version: 0.5
[    0.281322] PCI: Using configuration type 1 for base access
[    0.282283] PCI: Using configuration type 1 for extended access
[    0.296071] HugeTLB registered 2.00 MiB page size, pre-allocated 0 pages
[    0.297201] ACPI: Added _OSI(Module Device)
[    0.297201] ACPI: Added _OSI(Processor Device)
[    0.312032] ACPI: Added _OSI(3.0 _SCP Extensions)
[    0.312828] ACPI: Added _OSI(Processor Aggregator Device)
[    0.313712] ACPI: Added _OSI(Linux-Dell-Video)
[    0.328032] ACPI: Added _OSI(Linux-Lenovo-NV-HDMI-Audio)
[    0.328032] ACPI: Added _OSI(Linux-HPI-Hybrid-Graphics)
[    0.329168] ACPI: Executed 1 blocks of module-level executable AML code
[    0.335187] ACPI: Interpreter enabled
[    0.344081] ACPI: (supports S0 S5)
[    0.352012] ACPI: Using IOAPIC for interrupt routing
[    0.353266] PCI: Using host bridge windows from ACPI; if necessary, use "pci=nocrs" and report a bug
[    0.372269] ACPI: Enabled 2 GPEs in block 00 to 07
[    0.384742] ACPI: PCI Root Bridge [PCI0] (domain 0000 [bus 00-ff])
[    0.386018] acpi PNP0A03:00: _OSC: OS supports [ExtendedConfig ASPM ClockPM Segments MSI]
[    0.392100] acpi PNP0A03:00: _OSC: OS now controls [PCIeHotplug PME AER PCIeCapability]
[    0.416491] PCI host bridge to bus 0000:00
[    0.417272] pci_bus 0000:00: root bus resource [io  0x0000-0x0cf7 window]
[    0.436040] pci_bus 0000:00: root bus resource [io  0x0d00-0xffff window]
[    0.444019] pci_bus 0000:00: root bus resource [mem 0x000a0000-0x000bffff window]
[    0.445289] pci_bus 0000:00: root bus resource [mem 0x40000000-0xfdffffff window]
[    0.456023] pci_bus 0000:00: root bus resource [bus 00-ff]
[    0.469719] pci 0000:00:01.1: legacy IDE quirk: reg 0x10: [io  0x01f0-0x01f7]
[    0.496018] pci 0000:00:01.1: legacy IDE quirk: reg 0x14: [io  0x03f6]
[    0.520020] pci 0000:00:01.1: legacy IDE quirk: reg 0x18: [io  0x0170-0x0177]
[    0.548018] pci 0000:00:01.1: legacy IDE quirk: reg 0x1c: [io  0x0376]
[    0.601732] pci 0000:00:07.0: quirk: [io  0x4000-0x403f] claimed by PIIX4 ACPI
[    0.608006] pci 0000:00:07.0: quirk: [io  0x4100-0x410f] claimed by PIIX4 SMB
[    0.626779] ACPI: PCI Interrupt Link [LNKA] (IRQs 5 9 10 *11)
[    0.636581] ACPI: PCI Interrupt Link [LNKB] (IRQs 5 9 *10 11)
[    0.640260] ACPI: PCI Interrupt Link [LNKC] (IRQs 5 *9 10 11)
[    0.664238] ACPI: PCI Interrupt Link [LNKD] (IRQs 5 9 10 *11)
[    0.666092] SCSI subsystem initialized
[    0.668475] pci 0000:00:02.0: vgaarb: setting as boot VGA device
[    0.672000] pci 0000:00:02.0: vgaarb: VGA device added: decodes=io+mem,owns=io+mem,locks=none
[    0.708022] pci 0000:00:02.0: vgaarb: bridge control possible
[    0.716014] vgaarb: loaded
[    0.720079] ACPI: bus type USB registered
[    0.728092] usbcore: registered new interface driver usbfs
[    0.732082] usbcore: registered new interface driver hub
[    0.740093] usbcore: registered new device driver usb
[    0.744141] EDAC MC: Ver: 3.0.0
[    0.768101] PCI: Using ACPI for IRQ routing
[    0.768340] NetLabel: Initializing
[    0.769165] NetLabel:  domain hash size = 128
[    0.792015] NetLabel:  protocols = UNLABELED CIPSOv4 CALIPSO
[    0.816070] NetLabel:  unlabeled traffic allowed by default
[    0.817924] clocksource: Switched to clocksource kvm-clock
[    0.855539] VFS: Disk quotas dquot_6.6.0
[    0.856495] VFS: Dquot-cache hash table entries: 512 (order 0, 4096 bytes)
[    0.863683] AppArmor: AppArmor Filesystem Enabled
[    0.866771] pnp: PnP ACPI init
[    0.868620] pnp: PnP ACPI: found 3 devices
[    0.889492] clocksource: acpi_pm: mask: 0xffffff max_cycles: 0xffffff, max_idle_ns: 2085701024 ns
[    0.898354] NET: Registered protocol family 2
[    0.899517] TCP established hash table entries: 8192 (order: 4, 65536 bytes)
[    0.913764] TCP bind hash table entries: 8192 (order: 5, 131072 bytes)
[    0.916096] TCP: Hash tables configured (established 8192 bind 8192)
[    0.917622] UDP hash table entries: 512 (order: 2, 16384 bytes)
[    0.918780] UDP-Lite hash table entries: 512 (order: 2, 16384 bytes)
[    0.920276] NET: Registered protocol family 1
[    0.921248] pci 0000:00:00.0: Limiting direct PCI/PCI transfers
[    0.922409] pci 0000:00:01.0: Activating ISA DMA hang workarounds
[    0.923618] pci 0000:00:02.0: Video device with shadowed ROM at [mem 0x000c0000-0x000dffff]
[    0.934033] Unpacking initramfs...
[    1.329740] Freeing initrd memory: 19144K
[    1.330750] clocksource: tsc: mask: 0xffffffffffffffff max_cycles: 0x256841b7fc2, max_idle_ns: 440795326358 ns
[    1.332613] platform rtc_cmos: registered platform RTC device (no PNP device found)
[    1.335198] Scanning for low memory corruption every 60 seconds
[    1.342595] Initialise system trusted keyrings
[    1.343459] Key type blacklist registered
[    1.344390] workingset: timestamp_bits=36 max_order=18 bucket_order=0
[    1.346931] zbud: loaded
[    1.351136] squashfs: version 4.0 (2009/01/31) Phillip Lougher
[    1.352762] fuse init (API version 7.26)
[    1.359547] Key type asymmetric registered
[    1.361718] Asymmetric key parser 'x509' registered
[    1.362879] Block layer SCSI generic (bsg) driver version 0.4 loaded (major 246)
[    1.364675] io scheduler noop registered
[    1.371781] io scheduler deadline registered
[    1.372757] io scheduler cfq registered (default)
[    1.374041] ACPI: AC Adapter [AC] (on-line)
[    1.380422] input: Power Button as /devices/LNXSYSTM:00/LNXPWRBN:00/input/input0
[    1.381773] ACPI: Power Button [PWRF]
[    1.382512] input: Sleep Button as /devices/LNXSYSTM:00/LNXSLPBN:00/input/input1
[    1.383792] ACPI: Sleep Button [SLPF]
[    1.385174] Serial: 8250/16550 driver, 32 ports, IRQ sharing enabled
[    1.386184] ACPI: Battery Slot [BAT0] (battery present)
[    1.419092] 00:02: ttyS0 at I/O 0x3f8 (irq = 4, base_baud = 115200) is a 16550A
[    1.440358] Linux agpgart interface v0.103
[    1.453422] loop: module loaded
[    1.454965] scsi host0: ata_piix
[    1.455826] scsi host1: ata_piix
[    1.456663] ata1: PATA max UDMA/33 cmd 0x1f0 ctl 0x3f6 bmdma 0xd000 irq 14
[    1.465806] ata2: PATA max UDMA/33 cmd 0x170 ctl 0x376 bmdma 0xd008 irq 15
[    1.467531] libphy: Fixed MDIO Bus: probed
[    1.469888] tun: Universal TUN/TAP device driver, 1.6
[    1.476550] PPP generic driver version 2.4.2
[    1.477477] ehci_hcd: USB 2.0 'Enhanced' Host Controller (EHCI) Driver
[    1.478673] ehci-pci: EHCI PCI platform driver
[    1.479542] ehci-platform: EHCI generic platform driver
[    1.480646] ohci_hcd: USB 1.1 'Open' Host Controller (OHCI) Driver
[    1.481781] ohci-pci: OHCI PCI platform driver
[    1.482637] ohci-platform: OHCI generic platform driver
[    1.483616] uhci_hcd: USB Universal Host Controller Interface driver
[    1.490217] i8042: PNP: PS/2 Controller [PNP0303:PS2K,PNP0f03:PS2M] at 0x60,0x64 irq 1,12
[    1.503207] serio: i8042 KBD port at 0x60,0x64 irq 1
[    1.514970] serio: i8042 AUX port at 0x60,0x64 irq 12
[    1.517907] mousedev: PS/2 mouse device common for all mice
[    1.531060] input: AT Translated Set 2 keyboard as /devices/platform/i8042/serio0/input/input2
[    1.532545] rtc_cmos rtc_cmos: rtc core: registered rtc_cmos as rtc0
[    1.542432] rtc_cmos rtc_cmos: alarms up to one day, 114 bytes nvram
[    1.544291] i2c /dev entries driver
[    1.545158] device-mapper: uevent: version 1.0.3
[    1.546133] device-mapper: ioctl: 4.37.0-ioctl (2017-09-20) initialised: dm-devel@redhat.com
[    1.547647] ledtrig-cpu: registered to indicate activity on CPUs
[    1.549173] x86/pm: family 0x15 cpu detected, MSR saving is needed during suspending.
[    1.550778] NET: Registered protocol family 10
[    1.562899] Segment Routing with IPv6
[    1.565024] NET: Registered protocol family 17
[    1.566136] Key type dns_resolver registered
[    1.567427] mce: Using 0 MCE banks
[    1.568396] RAS: Correctable Errors collector initialized.
[    1.569625] sched_clock: Marking stable (1568350882, 0)->(3040609406, -1472258524)
[    1.572381] registered taskstats version 1
[    1.573465] Loading compiled-in X.509 certificates
[    1.589682] Loaded X.509 cert 'Build time autogenerated kernel key: 01a66adcc10ca4ce7676a3458c33483b0e2b806e'
[    1.597241] zswap: loaded using pool lzo/zbud
[    1.612533] Key type big_key registered
[    1.613512] Key type trusted registered
[    1.617956] Key type encrypted registered
[    1.618949] AppArmor: AppArmor sha1 policy hashing enabled
[    1.620323] ima: No TPM chip found, activating TPM-bypass! (rc=-19)
[    1.628055] ima: Allocated hash algorithm: sha1
[    1.629161] evm: HMAC attrs: 0x1
[    1.633173]   Magic number: 15:440:757
[    1.634008] tty ttyS8: hash matches
[    1.634828] rtc_cmos rtc_cmos: setting system clock to 2019-12-17 23:43:12 UTC (1576626192)
[    1.636730] BIOS EDD facility v0.16 2004-Jun-25, 0 devices found
[    1.643381] EDD information not available.
[    1.651149] Freeing unused kernel image memory: 2436K
[    1.676294] Write protecting the kernel read-only data: 20480k
[    1.679638] Freeing unused kernel image memory: 2008K
[    1.682477] Freeing unused kernel image memory: 1884K
[    1.697798] x86/mm: Checked W+X mappings: passed, no W+X pages found.
Loading, please wait...
starting version 237
[    1.842261] e1000: Intel(R) PRO/1000 Network Driver - version 7.3.21-k8-NAPI
[    1.846242] e1000: Copyright (c) 1999-2006 Intel Corporation.
[    1.847774] Fusion MPT base driver 3.04.20
[    1.850025] Copyright (c) 1999-2008 LSI Corporation
[    1.869164] Fusion MPT SPI Host driver 3.04.20
[    1.895275] AVX2 version of gcm_enc/dec engaged.
[    1.897294] AES CTR mode by8 optimization enabled
[    2.070331] input: ImExPS/2 Generic Explorer Mouse as /devices/platform/i8042/serio1/input/input4
[    2.281693] e1000 0000:00:03.0 eth0: (PCI:33MHz:32-bit) 02:c7:16:cf:84:50
[    2.427397] e1000 0000:00:03.0 eth0: Intel(R) PRO/1000 Network Connection
[    2.435927] mptbase: ioc0: Initiating bringup
[    2.437753] e1000 0000:00:03.0 enp0s3: renamed from eth0
[    2.540699] ioc0: LSI53C1030 A0: Capabilities={Initiator}
[    2.783343] scsi host2: ioc0: LSI53C1030 A0, FwRev=00000000h, Ports=1, MaxQ=256, IRQ=20
[    3.881146] scsi 2:0:0:0: Direct-Access     VBOX     HARDDISK         1.0  PQ: 0 ANSI: 5
[    3.912201] scsi target2:0:0: Beginning Domain Validation
[    3.917216] scsi target2:0:0: Domain Validation skipping write tests
[    3.939297] scsi target2:0:0: Ending Domain Validation
[    3.940492] scsi target2:0:0: asynchronous
[    3.942462] scsi 2:0:1:0: Direct-Access     VBOX     HARDDISK         1.0  PQ: 0 ANSI: 5
[    4.257368] scsi target2:0:1: Beginning Domain Validation
[    4.260272] random: fast init done
[    4.263663] scsi target2:0:1: Domain Validation skipping write tests
[    4.266449] scsi target2:0:1: Ending Domain Validation
[    4.270890] scsi target2:0:1: asynchronous
[    4.282521] random: systemd-udevd: uninitialized urandom read (16 bytes read)
[    4.282695] sd 2:0:0:0: Attached scsi generic sg0 type 0
[    4.286205] random: systemd-udevd: uninitialized urandom read (16 bytes read)
[    4.286941] sd 2:0:1:0: Attached scsi generic sg1 type 0
[    4.294962] random: systemd-udevd: uninitialized urandom read (16 bytes read)
[    4.298165] sd 2:0:0:0: [sda] 20971520 512-byte logical blocks: (10.7 GB/10.0 GiB)
[    4.298168] sd 2:0:1:0: [sdb] 20480 512-byte logical blocks: (10.5 MB/10.0 MiB)
[    4.301428] sd 2:0:0:0: [sda] Write Protect is off
[    4.320250] sd 2:0:1:0: [sdb] Write Protect is off
[    4.320604] sd 2:0:1:0: [sdb] Incomplete mode parameter data
[    4.328930] sd 2:0:1:0: [sdb] Assuming drive cache: write through
[    4.329554] sd 2:0:0:0: [sda] Incomplete mode parameter data
[    4.341395] sd 2:0:0:0: [sda] Assuming drive cache: write through
[    4.344242]  sda: sda1
[    4.345728] sd 2:0:0:0: [sda] Attached SCSI disk
[    4.367937] sd 2:0:1:0: [sdb] Attached SCSI disk
Begin: Loading essential drivers ... [    6.148058] raid6: sse2x1   gen()  5202 MB/s
[    6.196115] raid6: sse2x1   xor()  3407 MB/s
[    6.244046] raid6: sse2x2   gen()  4301 MB/s
[    6.292053] raid6: sse2x2   xor()  4396 MB/s
[    6.340030] raid6: sse2x4   gen()  3341 MB/s
[    6.388078] raid6: sse2x4   xor()  2772 MB/s
[    6.436133] raid6: avx2x1   gen()  4581 MB/s
[    6.484057] raid6: avx2x1   xor()  4911 MB/s
[    6.540613] raid6: avx2x2   gen()  6712 MB/s
[    6.588054] raid6: avx2x2   xor()  5437 MB/s
[    6.636103] raid6: avx2x4   gen()  2403 MB/s
[    6.684049] raid6: avx2x4   xor()  3216 MB/s
[    6.684913] raid6: using algorithm avx2x2 gen() 6712 MB/s
[    6.685779] raid6: .... xor() 5437 MB/s, rmw enabled
[    6.686620] raid6: using avx2x2 recovery algorithm
[    6.701074] xor: automatically using best checksumming function   avx       
[    6.716421] async_tx: api initialized (async)
done.
Begin: Running /scripts/init-premount ... done.
Begin: Mounting root file system ... Begin: Running /scripts/local-top ... done.
Begin: Running /scripts/local-premount ... [    6.813552] Btrfs loaded, crc32c=crc32c-intel
Scanning for Btrfs filesystems
done.
Warning: fsck not present, so sk[    6.870671] EXT4-fs (sda1): INFO: recovery required on readonly filesystem
ipping root file[    6.874457] EXT4-fs (sda1): write access will be enabled during recovery
 system
[    7.288326] EXT4-fs (sda1): recovery complete
[    7.292603] EXT4-fs (sda1): mounted filesystem with ordered data mode. Opts: (null)
done.
Begin: Running /scripts/local-bottom ... done.
Begin: Running /scripts/init-bottom ... done.
[    8.363668] ip_tables: (C) 2000-2006 Netfilter Core Team
[    8.462042] systemd[1]: systemd 237 running in system mode. (+PAM +AUDIT +SELINUX +IMA +APPARMOR +SMACK +SYSVINIT +UTMP +LIBCRYPTSETUP +GCRYPT +GNUTLS +ACL +XZ +LZ4 +SECCOMP +BLKID +ELFUTILS +KMOD -IDN2 +IDN -PCRE2 default-hierarchy=hybrid)
[    8.616762] systemd[1]: Detected virtualization oracle.
[    8.617820] systemd[1]: Detected architecture x86-64.

Welcome to [1mUbuntu 18.04.3 LTS[0m!

[    8.697835] systemd[1]: Set hostname to <ubuntu-bionic>.
[    9.087506] random: crng init done
[    9.090736] random: 7 urandom warning(s) missed due to ratelimiting
[   10.593438] systemd[1]: Reached target Swap.
[[0;32m  OK  [0m] Reached target Swap.
[   10.604434] systemd[1]: Created slice User and Session Slice.
[[0;32m  OK  [0m] Created slice User and Session Slice.
[   10.627963] systemd[1]: Reached target User and Group Name Lookups.
[[0;32m  OK  [0m] Reached target User and Group Name Lookups.
[   10.631531] systemd[1]: Reached target System Time Synchronized.
[[0;32m  OK  [0m] Reached target System Time Synchronized.
[   10.636584] systemd[1]: Set up automount Arbitrary Executable File Formats File System Automount Point.
[[0;32m  OK  [0m] Set up automount Arbitrary Executabâ€¦rmats File System Automount Point.
[   10.651956] systemd[1]: Created slice System Slice.
[[0;32m  OK  [0m] Created slice System Slice.
[[0;32m  OK  [0m] Listening on Journal Socket (/dev/log).
[[0;32m  OK  [0m] Listening on Device-mapper event daemon FIFOs.
[[0;32m  OK  [0m] Listening on LVM2 poll daemon socket.
[[0;32m  OK  [0m] Listening on udev Control Socket.
[[0;32m  OK  [0m] Listening on udev Kernel Socket.
[[0;32m  OK  [0m] Created slice system-serial\x2dgetty.slice.
[[0;32m  OK  [0m] Listening on Journal Socket.
         Mounting POSIX Message Queue File System...
         Starting Uncomplicated firewall...
         Mounting Huge Pages File System...
         Starting Create list of required stâ€¦ce nodes for the current kernel...
         Starting Set the console keyboard layout...
[[0;32m  OK  [0m] Reached target Slices.
[[0;32m  OK  [0m] Created slice system-postgresql.slice.
         Mounting Kernel Debug File System...
         Starting Remount Root and Kernel File Systems...
[[0;32m  OK  [0m] Listening on Syslog Socket.
[[0;32m  OK  [0m] Listening on Journal Audit Socket.
         Starting Journal Service...
[[0;32m  OK  [0m] Listening on /dev/initctl Compatibility Named Pipe.
[[0;32m  OK  [0m] Listening on Network Service Netlink Socket.
         Starting Load Kernel Modules...
[[0;32m  OK  [0m] Listening on LVM2 metadata daemon socket.
[[0;32m  OK  [[   10.925822] EXT4-fs (sda1): re-mounted. Opts: (null)
0m] Started Forward Password Requests to Wall Directory Watch.
         Starting udev Coldplug all Devices...
         Starting Monitoring of LVM2 mirrorsâ€¦ng dmeventd or progress polling...
[[0;32m  OK  [0m] Mounted POSIX Message Queue File System.
[[0;32m  OK  [0m] Started Uncomplicated firewall.
[[0;32m  OK  [0m] Mounted Huge Pages File System.
[[0;32m  OK  [0m] Started Create list of required staâ€¦vice nodes for the current kernel.
[[0;32m  OK  [0m] Mounted Kernel Debug File System.
[[0;32m  OK  [0m] Started Remount Root and Kernel File Systems.
[   11.019535] Loading iSCSI transport class v2.0-870.
         Starting Load/Save Random Seed...
         Starting Create Static Device Nodes in /dev...
[[0;32m  OK  [0m] Started udev Coldplug all Devices.
[   11.238831] iscsi: registered transport (tcp)
[[0;32m  OK  [0m] Started Journal Service.
         Starting Flush Journal to Persistent Storage...
[[0;32m  OK  [0m] Started LVM2 metadata daemon.
[[0;32m  OK  [0m] Started Load/Save Random Seed.
[   11.392318] systemd-journald[398]: Received request to flush runtime journal from PID 1
[[0;32m  OK  [0m] Started Create Static Device Nodes in /dev.
         Starting udev Kernel Device Manager...
[   11.648193] iscsi: registered transport (iser)
[[0;32m  OK  [0m] Started Load Kernel Modules.
         Starting Apply Kernel Variables...
         Mounting Kernel Configuration File System...
         Mounting FUSE Control File System...
[[0;32m  OK  [0m] Started Monitoring of LVM2 mirrors,â€¦sing dmeventd or progress polling.
[[0;32m  OK  [0m] Mounted Kernel Configuration File System.
[[0;32m  OK  [0m] Mounted FUSE Control File System.
[[0;32m  OK  [0m] Started udev Kernel Device Manager.
[[0;32m  OK  [0m] Started Apply Kernel Variables.
[[0;32m  OK  [0m] Started Flush Journal to Persistent Storage.
[[0;32m  OK  [0m] Found device /dev/ttyS0.
[[0;32m  OK  [0m] Listening on Load/Save RF Kill Switch Status /dev/rfkill Watch.
[[0;32m  OK  [0m] Started Set the console keyboard layout.
[[0;32m  OK  [0m] Reached target Local File Systems (Pre).
[[0;32m  OK  [0m] Reached target Local File Systems.
         Starting Create Volatile Files and Directories...
         Starting AppArmor initialization...
         Starting Tell Plymouth To Write Out Runtime Data...
         Starting Set console font and keymap...
         Starting ebtables ruleset management...
[[0;32m  OK  [0m] Started Dispatch Password Requests to Console Directory Watch.
[[0;32m  OK  [0m] Reached target Local Encrypted Volumes.
[[0;32m  OK  [0m] Started Tell Plymouth To Write Out Runtime Data.
[[0;32m  OK  [0m] Started Set console font and keymap.
[[0;32m  OK  [0m] Started Create Volatile Files and Directories.
         Starting Update UTMP about System Boot/Shutdown...
[[0;32m  OK  [0m] Started Update UTMP about System Boot/Shutdown.
[[0;32m  OK  [0m] Started ebtables ruleset management.
[[0;32m  OK  [0m] Started AppArmor initialization.
         Starting Initial cloud-init job (pre-networking)...
[   18.101178] cloud-init[667]: Cloud-init v. 19.2-36-g059d049c-0ubuntu2~18.04.1 running 'init-local' at Tue, 17 Dec 2019 23:43:28 +0000. Up 17.53 seconds.
[[0;32m  OK  [0m] Started Initial cloud-init job (pre-networking).
[[0;32m  OK  [0m] Reached target Network (Pre).
         Starting Network Service...
[[0;32m  OK  [0m] Started Network Service.
         Starting Wait for Network to be Configured...
         Starting Network Name Resolution...
[[0;32m  OK  [0m] Started Network Name Resolution.
[[0;32m  OK  [0m] Reached target Host and Network Name Lookups.
[[0;32m  OK  [0m] Reached target Network.
[[0;32m  OK  [0m] Started Wait for Network to be Configured.
         Starting Initial cloud-init job (metadata service crawler)...
[   21.570293] cloud-init[765]: Cloud-init v. 19.2-36-g059d049c-0ubuntu2~18.04.1 running 'init' at Tue, 17 Dec 2019 23:43:32 +0000. Up 21.20 seconds.
[   21.576902] cloud-init[765]: ci-info: ++++++++++++++++++++++++++++++++++++++Net device info++++++++++++++++++++++++++++++++++++++
[   21.584167] cloud-init[765]: ci-info: +--------+------+----------------------------+---------------+--------+-------------------+
[   21.601794] cloud-init[765]: ci-info: | Device |  Up  |          Address           |      Mask     | Scope  |     Hw-Address    |
[   21.609989] cloud-init[765]: ci-info: +--------+------+----------------------------+---------------+--------+-------------------+
[   21.615536] cloud-init[765]: ci-info: | enp0s3 | True |         10.0.2.15          | 255.255.255.0 | global | 02:c7:16:cf:84:50 |
[   21.620763] cloud-init[765]: ci-info: | enp0s3 | True | fe80::c7:16ff:fecf:8450/64 |       .       |  link  | 02:c7:16:cf:84:50 |
[   21.636821] cloud-init[765]: ci-info: |   lo   | True |         127.0.0.1          |   255.0.0.0   |  host  |         .         |
[   21.641122] cloud-init[765]: ci-info: |   lo   | True |          ::1/128           |       .       |  host  |         .         |
[   21.652506] cloud-init[765]: ci-info: +--------+------+----------------------------+---------------+--------+-------------------+
[   21.667006] cloud-init[765]: ci-info: ++++++++++++++++++++++++++++Route IPv4 info+++++++++++++++++++++++++++++
[   21.676523] cloud-init[765]: ci-info: +-------+-------------+----------+-----------------+-----------+-------+
[   21.679236] cloud-init[765]: ci-info: | Route | Destination | Gateway  |     Genmask     | Interface | Flags |
[   21.682619] cloud-init[765]: ci-info: +-------+-------------+----------+-----------------+-----------+-------+
[   21.686085] cloud-init[765]: ci-info: |   0   |   0.0.0.0   | 10.0.2.2 |     0.0.0.0     |   enp0s3  |   UG  |
[   21.690614] cloud-init[765]: ci-info: |   1   |   10.0.2.0  | 0.0.0.0  |  255.255.255.0  |   enp0s3  |   U   |
[   21.695227] cloud-init[765]: ci-info: |   2   |   10.0.2.2  | 0.0.0.0  | 255.255.255.255 |   enp0s3  |   UH  |
[   21.699348] cloud-init[765]: ci-info: +-------+-------------+----------+-----------------+-----------+-------+
[   21.709229] cloud-init[765]: ci-info: +++++++++++++++++++Route IPv6 info+++++++++++++++++++
[   21.740625] cloud-init[765]: ci-info: +-------+-------------+---------+-----------+-------+
[   21.743396] cloud-init[765]: ci-info: | Route | Destination | Gateway | Interface | Flags |
[   21.746341] cloud-init[765]: ci-info: +-------+-------------+---------+-----------+-------+
[   21.749561] cloud-init[765]: ci-info: |   1   |  fe80::/64  |    ::   |   enp0s3  |   U   |
[   21.754510] cloud-init[765]: ci-info: |   3   |    local    |    ::   |   enp0s3  |   U   |
[   21.784537] cloud-init[765]: ci-info: |   4   |   ff00::/8  |    ::   |   enp0s3  |   U   |
[   21.800990] cloud-init[765]: ci-info: +-------+-------------+---------+-----------+-------+
[[0;32m  OK  [0m] Started Initial cloud-init job (metadata service crawler).
[[0;32m  OK  [0m] Reached target System Initialization.
[[0;32m  OK  [0m] Listening on ACPID Listen Socket.
[[0;32m  OK  [0m] Started Discard unused blocks once a week.
[[0;32m  OK  [0m] Started Daily apt download activities.
[[0;32m  OK  [0m] Started Daily apt upgrade and clean activities.
[[0;32m  OK  [0m] Listening on D-Bus System Message Bus Socket.
[[0;32m  OK  [0m] Started ACPI Events Check.
         Starting Socket activation for snappy daemon.
[[0;32m  OK  [0m] Started Message of the Day.
[[0;32m  OK  [0m] Reached target Paths.
         Starting LXD - unix socket.
[[0;32m  OK  [0m] Started Daily Cleanup of Temporary Directories.
[[0;32m  OK  [0m] Reached target Timers.
[[0;32m  OK  [0m] Listening on UUID daemon activation socket.
[[0;32m  OK  [0m] Listening on Open-iSCSI iscsid Socket.
[[0;32m  OK  [0m] Reached target Network is Online.
[[0;32m  OK  [0m] Reached target Remote File Systems (Pre).
[[0;32m  OK  [0m] Reached target Remote File Systems.
         Starting Availability of block devices...
[[0;32m  OK  [0m] Reached target Cloud-config availability.
[[0;32m  OK  [0m] Listening on Socket activation for snappy daemon.
[[0;32m  OK  [0m] Listening on LXD - unix socket.
[[0;32m  OK  [0m] Reached target Sockets.
[[0;32m  OK  [0m] Reached target Basic System.
[[0;32m  OK  [0m] Started Regular background program processing daemon.
[[0;32m  OK  [0m] Started irqbalance daemon.
         Starting Login Service...
         Starting Virtualbox guest utils...
         Starting LSB: Record successful boot for GRUB...
         Starting Accounts Service...
         Starting PostgreSQL Cluster 10-main...
         Starting Message of the Day...
[[0;32m  OK  [0m] Started Deferred execution scheduler.
         Starting Discard unused blocks...
[[0;32m  OK  [0m] Started D-Bus System Message Bus.
[[0;32m  OK  [0m] Started Login Service.
         Starting LSB: automatic crash report generation...
[[0;32m  OK  [0m] Started Unattended Upgrades Shutdown.
         Starting Dispatcher daemon for systemd-networkd...
         Starting Snappy daemon...
[[0;32m  OK  [0m] Started FUSE filesystem for LXC.
         Starting LXD - container startup/shutdown...
         Starting OpenBSD Secure Shell server...
         Starting System Logging Service...
         Starting Permit User Sessions...
         Starting Resets System Activity Data Collector...
[[0;32m  OK  [0m] Started Availability of block devices.
[[0;32m  OK  [0m] Started Discard unused blocks.
[[0;32m  OK  [0m] Started Permit User Sessions.
         Starting Hold until boot process finishes up...
         Starting Terminate Plymouth Boot Screen...
         Starting Authorization Manager...
[[0;32m  OK  [0m] Started Hold until boot process finishes up.
         Starting Set console scheme...
[[0;32m  OK  [0m] Started Serial Getty on ttyS0.
[[0;32m  OK  [0m] Started Terminate Plymouth Boot Screen.
[[0;32m  OK  [0m] Started Resets System Activity Data Collector.
[[0;32m  OK  [0m] Started System Logging Service.
[[0;32m  OK  [0m] Started LSB: automatic crash report generation.
[[0;32m  OK  [0m] Started Set console scheme.
[[0;32m  OK  [0m] Created slice system-getty.slice.
[[0;32m  OK  [0m] Started Getty on tty1.
[[0;32m  OK  [0m] Reached target Login Prompts.
[[0;32m  OK  [0m] Started LSB: Record successful boot for GRUB.
[[0;32m  OK  [0m] Started Authorization Manager.
[[0;32m  OK  [0m] Started Accounts Service.
[[0;32m  OK  [0m] Started Virtualbox guest utils.
[[0;32m  OK  [0m] Started OpenBSD Secure Shell server.
[[0;32m  OK  [0m] Started LXD - container startup/shutdown.
[[0;32m  OK  [0m] Started Snappy daemon.
         Starting Wait until snapd is fully seeded...
[[0;32m  OK  [0m] Started Wait until snapd is fully seeded.
         Starting Apply the settings specified in cloud-config...
[[0;32m  OK  [0m] Started Dispatcher daemon for systemd-networkd.
[[0;32m  OK  [0m] Started Message of the Day.
[   29.833360] cloud-init[1225]: Cloud-init v. 19.2-36-g059d049c-0ubuntu2~18.04.1 running 'modules:config' at Tue, 17 Dec 2019 23:43:40 +0000. Up 29.57 seconds.

Ubuntu 18.04.3 LTS ubuntu-bionic ttyS0

ubuntu-bionic login: [   32.787981] cloud-init[1326]: Cloud-init v. 19.2-36-g059d049c-0ubuntu2~18.04.1 running 'modules:final' at Tue, 17 Dec 2019 23:43:43 +0000. Up 32.45 seconds.
[   32.796205] cloud-init[1326]: Cloud-init v. 19.2-36-g059d049c-0ubuntu2~18.04.1 finished at Tue, 17 Dec 2019 23:43:43 +0000. Datasource DataSourceNoCloud [seed=/dev/sdb][dsmode=net].  Up 32.76 seconds
         Stopping LSB: automatic crash report generation...
[[0;32m  OK  [0m] Stopped LSB: automatic crash report generation.
         Starting LSB: automatic crash report generation...
[[0;32m  OK  [0m] Started LSB: automatic crash report generation.
[[0;32m  OK  [0m] Created slice User Slice of postgres.
         Starting User Manager for UID 111...
[[0;32m  OK  [0m] Started Session c1 of user postgres.
[[0;32m  OK  [0m] Started User Manager for UID 111.
         Stopping User Manager for UID 111...
[[0;32m  OK  [0m] Stopped User Manager for UID 111.
[[0;32m  OK  [0m] Removed slice User Slice of postgres.
[[0;32m  OK  [0m] Stopped Getty on tty1.
[[0;32m  OK  [0m] Started Getty on tty1.
[[0;32m  OK  [0m] Started Daily apt upgrade and clean activities.
