[    0.000000] Linux version 4.15.0-66-generic (buildd@lgw01-amd64-044) (gcc version 7.4.0 (Ubuntu 7.4.0-1ubuntu1~18.04.1)) #75-Ubuntu SMP Tue Oct 1 05:24:09 UTC 2019 (Ubuntu 4.15.0-66.75-generic 4.15.18)
[    0.000000] Command line: BOOT_IMAGE=/boot/vmlinuz-4.15.0-66-generic root=LABEL=cloudimg-rootfs ro console=tty1 console=ttyS0
[    0.000000] KERNEL supported cpus:
[    0.000000]   Intel GenuineIntel
[    0.000000]   AMD AuthenticAMD
[    0.000000]   Centaur CentaurHauls
[    0.000000] x86/fpu: x87 FPU will use FXSAVE
[    0.000000] e820: BIOS-provided physical RAM map:
[    0.000000] BIOS-e820: [mem 0x0000000000000000-0x000000000009fbff] usable
[    0.000000] BIOS-e820: [mem 0x000000000009fc00-0x000000000009ffff] reserved
[    0.000000] BIOS-e820: [mem 0x00000000000f0000-0x00000000000fffff] reserved
[    0.000000] BIOS-e820: [mem 0x0000000000100000-0x000000003ffeffff] usable
[    0.000000] BIOS-e820: [mem 0x000000003fff0000-0x000000003fffffff] ACPI data
[    0.000000] BIOS-e820: [mem 0x00000000fec00000-0x00000000fec00fff] reserved
[    0.000000] BIOS-e820: [mem 0x00000000fee00000-0x00000000fee00fff] reserved
[    0.000000] BIOS-e820: [mem 0x00000000fffc0000-0x00000000ffffffff] reserved
[    0.000000] NX (Execute Disable) protection: active
[    0.000000] SMBIOS 2.5 present.
[    0.000000] DMI: innotek GmbH VirtualBox/VirtualBox, BIOS VirtualBox 12/01/2006
[    0.000000] Hypervisor detected: KVM
[    0.000000] e820: last_pfn = 0x3fff0 max_arch_pfn = 0x400000000
[    0.000000] MTRR: Disabled
[    0.000000] x86/PAT: MTRRs disabled, skipping PAT initialization too.
[    0.000000] CPU MTRRs all blank - virtualized system.
[    0.000000] x86/PAT: Configuration [0-7]: WB  WT  UC- UC  WB  WT  UC- UC  
[    0.000000] found SMP MP-table at [mem 0x0009fff0-0x0009ffff]
[    0.000000] Scanning 1 areas for low memory corruption
[    0.000000] RAMDISK: [mem 0x35a89000-0x36d3bfff]
[    0.000000] ACPI: Early table checksum verification disabled
[    0.000000] ACPI: RSDP 0x00000000000E0000 000024 (v02 VBOX  )
[    0.000000] ACPI: XSDT 0x000000003FFF0030 00003C (v01 VBOX   VBOXXSDT 00000001 ASL  00000061)
[    0.000000] ACPI: FACP 0x000000003FFF00F0 0000F4 (v04 VBOX   VBOXFACP 00000001 ASL  00000061)
[    0.000000] ACPI: DSDT 0x000000003FFF0470 0022EA (v02 VBOX   VBOXBIOS 00000002 INTL 20160831)
[    0.000000] ACPI: FACS 0x000000003FFF0200 000040
[    0.000000] ACPI: FACS 0x000000003FFF0200 000040
[    0.000000] ACPI: APIC 0x000000003FFF0240 00005C (v02 VBOX   VBOXAPIC 00000001 ASL  00000061)
[    0.000000] ACPI: SSDT 0x000000003FFF02A0 0001CC (v01 VBOX   VBOXCPUT 00000002 INTL 20160831)
[    0.000000] No NUMA configuration found
[    0.000000] Faking a node at [mem 0x0000000000000000-0x000000003ffeffff]
[    0.000000] NODE_DATA(0) allocated [mem 0x3ffc5000-0x3ffeffff]
[    0.000000] kvm-clock: cpu 0, msr 0:3ff44001, primary cpu clock
[    0.000000] kvm-clock: Using msrs 4b564d01 and 4b564d00
[    0.000000] kvm-clock: using sched offset of 4461347295 cycles
[    0.000000] clocksource: kvm-clock: mask: 0xffffffffffffffff max_cycles: 0x1cd42e4dffb, max_idle_ns: 881590591483 ns
[    0.000000] Zone ranges:
[    0.000000]   DMA      [mem 0x0000000000001000-0x0000000000ffffff]
[    0.000000]   DMA32    [mem 0x0000000001000000-0x000000003ffeffff]
[    0.000000]   Normal   empty
[    0.000000]   Device   empty
[    0.000000] Movable zone start for each node
[    0.000000] Early memory node ranges
[    0.000000]   node   0: [mem 0x0000000000001000-0x000000000009efff]
[    0.000000]   node   0: [mem 0x0000000000100000-0x000000003ffeffff]
[    0.000000] Reserved but unavailable: 98 pages
[    0.000000] Initmem setup node 0 [mem 0x0000000000001000-0x000000003ffeffff]
[    0.000000] ACPI: PM-Timer IO Port: 0x4008
[    0.000000] IOAPIC[0]: apic_id 2, version 32, address 0xfec00000, GSI 0-23
[    0.000000] ACPI: INT_SRC_OVR (bus 0 bus_irq 0 global_irq 2 dfl dfl)
[    0.000000] ACPI: INT_SRC_OVR (bus 0 bus_irq 9 global_irq 9 low level)
[    0.000000] Using ACPI (MADT) for SMP configuration information
[    0.000000] smpboot: Allowing 2 CPUs, 0 hotplug CPUs
[    0.000000] PM: Registered nosave memory: [mem 0x00000000-0x00000fff]
[    0.000000] PM: Registered nosave memory: [mem 0x0009f000-0x0009ffff]
[    0.000000] PM: Registered nosave memory: [mem 0x000a0000-0x000effff]
[    0.000000] PM: Registered nosave memory: [mem 0x000f0000-0x000fffff]
[    0.000000] e820: [mem 0x40000000-0xfebfffff] available for PCI devices
[    0.000000] Booting paravirtualized kernel on KVM
[    0.000000] clocksource: refined-jiffies: mask: 0xffffffff max_cycles: 0xffffffff, max_idle_ns: 7645519600211568 ns
[    0.000000] random: get_random_bytes called from start_kernel+0x99/0x4fd with crng_init=0
[    0.000000] setup_percpu: NR_CPUS:8192 nr_cpumask_bits:2 nr_cpu_ids:2 nr_node_ids:1
[    0.000000] percpu: Embedded 46 pages/cpu s151552 r8192 d28672 u1048576
[    0.000000] PV qspinlock hash table entries: 256 (order: 0, 4096 bytes)
[    0.000000] Built 1 zonelists, mobility grouping on.  Total pages: 257913
[    0.000000] Policy zone: DMA32
[    0.000000] Kernel command line: BOOT_IMAGE=/boot/vmlinuz-4.15.0-66-generic root=LABEL=cloudimg-rootfs ro console=tty1 console=ttyS0
[    0.000000] Memory: 983432K/1048120K available (12300K kernel code, 2481K rwdata, 4260K rodata, 2436K init, 2388K bss, 64688K reserved, 0K cma-reserved)
[    0.000000] SLUB: HWalign=64, Order=0-3, MinObjects=0, CPUs=2, Nodes=1
[    0.000000] Kernel/User page tables isolation: enabled
[    0.000000] ftrace: allocating 39306 entries in 154 pages
[    0.004000] Hierarchical RCU implementation.
[    0.004000] 	RCU restricting CPUs from NR_CPUS=8192 to nr_cpu_ids=2.
[    0.004000] 	Tasks RCU enabled.
[    0.004000] RCU: Adjusting geometry for rcu_fanout_leaf=16, nr_cpu_ids=2
[    0.004000] NR_IRQS: 524544, nr_irqs: 440, preallocated irqs: 16
[    0.004000] Console: colour VGA+ 80x25
[    0.004000] console [tty1] enabled
[    0.004000] console [ttyS0] enabled
[    0.004000] ACPI: Core revision 20170831
[    0.004000] ACPI: 2 ACPI AML tables successfully acquired and loaded
[    0.004000] APIC: Switch to symmetric I/O mode setup
[    0.004000] x2apic enabled
[    0.004000] Switched APIC routing to physical x2apic.
[    0.004000] ..TIMER: vector=0x30 apic1=0 pin1=2 apic2=-1 pin2=-1
[    0.004009] tsc: Detected 2393.910 MHz processor
[    0.004898] Calibrating delay loop (skipped) preset value.. 4787.82 BogoMIPS (lpj=9575640)
[    0.005561] pid_max: default: 32768 minimum: 301
[    0.008044] Security Framework initialized
[    0.008849] Yama: becoming mindful.
[    0.009588] AppArmor: AppArmor initialized
[    0.011380] Dentry cache hash table entries: 131072 (order: 8, 1048576 bytes)
[    0.012154] Inode-cache hash table entries: 65536 (order: 7, 524288 bytes)
[    0.013433] Mount-cache hash table entries: 2048 (order: 2, 16384 bytes)
[    0.016011] Mountpoint-cache hash table entries: 2048 (order: 2, 16384 bytes)
[    0.018220] Last level iTLB entries: 4KB 512, 2MB 7, 4MB 7
[    0.019267] Last level dTLB entries: 4KB 512, 2MB 32, 4MB 32, 1GB 0
[    0.020009] Spectre V1 : Mitigation: usercopy/swapgs barriers and __user pointer sanitization
[    0.021590] Spectre V2 : Mitigation: Full generic retpoline
[    0.022625] Spectre V2 : Spectre v2 / SpectreRSB mitigation: Filling RSB on context switch
[    0.024003] Speculative Store Bypass: Vulnerable
[    0.024953] MDS: Vulnerable: Clear CPU buffers attempted, no microcode
[    0.026390] Freeing SMP alternatives memory: 36K
[    0.139616] APIC calibration not consistent with PM-Timer: 102ms instead of 100ms
[    0.140000] APIC delta adjusted to PM-Timer: 6292958 (6477429)
[    0.140111] smpboot: CPU0: Intel(R) Core(TM) i3 CPU       M 370  @ 2.40GHz (family: 0x6, model: 0x25, stepping: 0x5)
[    0.143637] Performance Events: unsupported p6 CPU model 37 no PMU driver, software events only.
[    0.144105] Hierarchical SRCU implementation.
[    0.149119] NMI watchdog: Perf event create on CPU 0 failed with -2
[    0.151253] NMI watchdog: Perf NMI watchdog permanently disabled
[    0.152139] smp: Bringing up secondary CPUs ...
[    0.153872] x86: Booting SMP configuration:
[    0.156006] .... node  #0, CPUs:      #1
[    0.004000] kvm-clock: cpu 1, msr 0:3ff44041, secondary cpu clock
[    0.162893] smp: Brought up 1 node, 2 CPUs
[    0.164011] smpboot: Max logical packages: 1
[    0.165262] smpboot: Total of 2 processors activated (9575.64 BogoMIPS)
[    0.168088] devtmpfs: initialized
[    0.169042] x86/mm: Memory block size: 128MB
[    0.170246] evm: security.selinux
[    0.171023] evm: security.SMACK64
[    0.171764] evm: security.SMACK64EXEC
[    0.172007] evm: security.SMACK64TRANSMUTE
[    0.172897] evm: security.SMACK64MMAP
[    0.173700] evm: security.apparmor
[    0.174464] evm: security.ima
[    0.175146] evm: security.capability
[    0.176139] clocksource: jiffies: mask: 0xffffffff max_cycles: 0xffffffff, max_idle_ns: 7645041785100000 ns
[    0.178124] futex hash table entries: 512 (order: 3, 32768 bytes)
[    0.181169] pinctrl core: initialized pinctrl subsystem
[    0.184319] RTC time:  2:06:13, date: 11/30/19
[    0.188297] NET: Registered protocol family 16
[    0.189269] audit: initializing netlink subsys (disabled)
[    0.190347] audit: type=2000 audit(1575079579.350:1): state=initialized audit_enabled=0 res=1
[    0.192020] cpuidle: using governor ladder
[    0.192948] cpuidle: using governor menu
[    0.194176] ACPI: bus type PCI registered
[    0.196006] acpiphp: ACPI Hot Plug PCI Controller Driver version: 0.5
[    0.197372] PCI: Using configuration type 1 for base access
[    0.200661] HugeTLB registered 2.00 MiB page size, pre-allocated 0 pages
[    0.201850] ACPI: Added _OSI(Module Device)
[    0.204008] ACPI: Added _OSI(Processor Device)
[    0.204979] ACPI: Added _OSI(3.0 _SCP Extensions)
[    0.205995] ACPI: Added _OSI(Processor Aggregator Device)
[    0.207167] ACPI: Added _OSI(Linux-Dell-Video)
[    0.208015] ACPI: Added _OSI(Linux-Lenovo-NV-HDMI-Audio)
[    0.209136] ACPI: Added _OSI(Linux-HPI-Hybrid-Graphics)
[    0.211060] ACPI: Executed 1 blocks of module-level executable AML code
[    0.218258] ACPI: Interpreter enabled
[    0.219009] ACPI: (supports S0 S5)
[    0.219691] ACPI: Using IOAPIC for interrupt routing
[    0.220380] PCI: Using host bridge windows from ACPI; if necessary, use "pci=nocrs" and report a bug
[    0.222250] ACPI: Enabled 2 GPEs in block 00 to 07
[    0.232609] ACPI: PCI Root Bridge [PCI0] (domain 0000 [bus 00-ff])
[    0.233749] acpi PNP0A03:00: _OSC: OS supports [ASPM ClockPM Segments MSI]
[    0.235756] acpi PNP0A03:00: _OSC: not requesting OS control; OS requires [ExtendedConfig ASPM ClockPM MSI]
[    0.236021] acpi PNP0A03:00: fail to add MMCONFIG information, can't access extended PCI configuration space under this bridge.
[    0.240222] PCI host bridge to bus 0000:00
[    0.241027] pci_bus 0000:00: root bus resource [io  0x0000-0x0cf7 window]
[    0.242251] pci_bus 0000:00: root bus resource [io  0x0d00-0xffff window]
[    0.243507] pci_bus 0000:00: root bus resource [mem 0x000a0000-0x000bffff window]
[    0.244006] pci_bus 0000:00: root bus resource [mem 0x40000000-0xfdffffff window]
[    0.245404] pci_bus 0000:00: root bus resource [bus 00-ff]
[    0.249486] pci 0000:00:01.1: legacy IDE quirk: reg 0x10: [io  0x01f0-0x01f7]
[    0.250761] pci 0000:00:01.1: legacy IDE quirk: reg 0x14: [io  0x03f6]
[    0.251989] pci 0000:00:01.1: legacy IDE quirk: reg 0x18: [io  0x0170-0x0177]
[    0.252019] pci 0000:00:01.1: legacy IDE quirk: reg 0x1c: [io  0x0376]
[    0.300820] pci 0000:00:07.0: quirk: [io  0x4000-0x403f] claimed by PIIX4 ACPI
[    0.303029] pci 0000:00:07.0: quirk: [io  0x4100-0x410f] claimed by PIIX4 SMB
[    0.321569] ACPI: PCI Interrupt Link [LNKA] (IRQs 5 9 10 *11)
[    0.324493] ACPI: PCI Interrupt Link [LNKB] (IRQs 5 9 *10 11)
[    0.326860] ACPI: PCI Interrupt Link [LNKC] (IRQs 5 *9 10 11)
[    0.328267] ACPI: PCI Interrupt Link [LNKD] (IRQs 5 9 10 *11)
[    0.330729] SCSI subsystem initialized
[    0.332101] pci 0000:00:02.0: vgaarb: setting as boot VGA device
[    0.333207] pci 0000:00:02.0: vgaarb: VGA device added: decodes=io+mem,owns=io+mem,locks=none
[    0.334811] pci 0000:00:02.0: vgaarb: bridge control possible
[    0.336000] vgaarb: loaded
[    0.336052] ACPI: bus type USB registered
[    0.340032] usbcore: registered new interface driver usbfs
[    0.341059] usbcore: registered new interface driver hub
[    0.342075] usbcore: registered new device driver usb
[    0.343129] EDAC MC: Ver: 3.0.0
[    0.344268] PCI: Using ACPI for IRQ routing
[    0.345181] NetLabel: Initializing
[    0.345867] NetLabel:  domain hash size = 128
[    0.346726] NetLabel:  protocols = UNLABELED CIPSOv4 CALIPSO
[    0.348027] NetLabel:  unlabeled traffic allowed by default
[    0.349086] clocksource: Switched to clocksource kvm-clock
[    0.367378] VFS: Disk quotas dquot_6.6.0
[    0.368316] VFS: Dquot-cache hash table entries: 512 (order 0, 4096 bytes)
[    0.369729] AppArmor: AppArmor Filesystem Enabled
[    0.370692] pnp: PnP ACPI init
[    0.372831] pnp: PnP ACPI: found 3 devices
[    0.384925] clocksource: acpi_pm: mask: 0xffffff max_cycles: 0xffffff, max_idle_ns: 2085701024 ns
[    0.386674] NET: Registered protocol family 2
[    0.387798] TCP established hash table entries: 8192 (order: 4, 65536 bytes)
[    0.389277] TCP bind hash table entries: 8192 (order: 5, 131072 bytes)
[    0.391338] TCP: Hash tables configured (established 8192 bind 8192)
[    0.392745] UDP hash table entries: 512 (order: 2, 16384 bytes)
[    0.393927] UDP-Lite hash table entries: 512 (order: 2, 16384 bytes)
[    0.395222] NET: Registered protocol family 1
[    0.396128] pci 0000:00:00.0: Limiting direct PCI/PCI transfers
[    0.397340] pci 0000:00:01.0: Activating ISA DMA hang workarounds
[    0.398584] pci 0000:00:02.0: Video device with shadowed ROM at [mem 0x000c0000-0x000dffff]
[    0.400419] Unpacking initramfs...
[    0.787510] Freeing initrd memory: 19148K
[    0.788791] clocksource: tsc: mask: 0xffffffffffffffff max_cycles: 0x2281beae322, max_idle_ns: 440795316726 ns
[    0.790748] platform rtc_cmos: registered platform RTC device (no PNP device found)
[    0.792713] Scanning for low memory corruption every 60 seconds
[    0.794851] Initialise system trusted keyrings
[    0.795727] Key type blacklist registered
[    0.796697] workingset: timestamp_bits=36 max_order=18 bucket_order=0
[    0.799468] zbud: loaded
[    0.800917] squashfs: version 4.0 (2009/01/31) Phillip Lougher
[    0.802346] fuse init (API version 7.26)
[    0.806592] Key type asymmetric registered
[    0.807432] Asymmetric key parser 'x509' registered
[    0.808752] Block layer SCSI generic (bsg) driver version 0.4 loaded (major 246)
[    0.810305] io scheduler noop registered
[    0.811070] io scheduler deadline registered
[    0.811927] io scheduler cfq registered (default)
[    0.813381] ACPI: AC Adapter [AC] (on-line)
[    0.814324] input: Power Button as /devices/LNXSYSTM:00/LNXPWRBN:00/input/input0
[    0.815799] ACPI: Power Button [PWRF]
[    0.816718] input: Sleep Button as /devices/LNXSYSTM:00/LNXSLPBN:00/input/input1
[    0.818116] ACPI: Sleep Button [SLPF]
[    0.820462] ACPI: Battery Slot [BAT0] (battery present)
[    0.821539] Serial: 8250/16550 driver, 32 ports, IRQ sharing enabled
[    0.843647] 00:02: ttyS0 at I/O 0x3f8 (irq = 4, base_baud = 115200) is a 16550A
[    0.849641] Linux agpgart interface v0.103
[    0.853301] loop: module loaded
[    0.855075] scsi host0: ata_piix
[    0.856270] scsi host1: ata_piix
[    0.857259] ata1: PATA max UDMA/33 cmd 0x1f0 ctl 0x3f6 bmdma 0xd000 irq 14
[    0.859135] ata2: PATA max UDMA/33 cmd 0x170 ctl 0x376 bmdma 0xd008 irq 15
[    0.861744] libphy: Fixed MDIO Bus: probed
[    0.862911] tun: Universal TUN/TAP device driver, 1.6
[    0.864544] PPP generic driver version 2.4.2
[    0.865955] ehci_hcd: USB 2.0 'Enhanced' Host Controller (EHCI) Driver
[    0.867731] ehci-pci: EHCI PCI platform driver
[    0.869065] ehci-platform: EHCI generic platform driver
[    0.870543] ohci_hcd: USB 1.1 'Open' Host Controller (OHCI) Driver
[    0.872213] ohci-pci: OHCI PCI platform driver
[    0.873411] ohci-platform: OHCI generic platform driver
[    0.874799] uhci_hcd: USB Universal Host Controller Interface driver
[    0.876538] i8042: PNP: PS/2 Controller [PNP0303:PS2K,PNP0f03:PS2M] at 0x60,0x64 irq 1,12
[    0.879268] serio: i8042 KBD port at 0x60,0x64 irq 1
[    0.880657] serio: i8042 AUX port at 0x60,0x64 irq 12
[    0.882390] mousedev: PS/2 mouse device common for all mice
[    0.884738] input: AT Translated Set 2 keyboard as /devices/platform/i8042/serio0/input/input2
[    0.887115] rtc_cmos rtc_cmos: rtc core: registered rtc_cmos as rtc0
[    0.889049] rtc_cmos rtc_cmos: alarms up to one day, 114 bytes nvram
[    0.890714] i2c /dev entries driver
[    0.891757] device-mapper: uevent: version 1.0.3
[    0.893194] device-mapper: ioctl: 4.37.0-ioctl (2017-09-20) initialised: dm-devel@redhat.com
[    0.895595] ledtrig-cpu: registered to indicate activity on CPUs
[    0.897928] NET: Registered protocol family 10
[    0.907144] Segment Routing with IPv6
[    0.908272] NET: Registered protocol family 17
[    0.909703] Key type dns_resolver registered
[    0.911745] mce: Using 0 MCE banks
[    0.913191] RAS: Correctable Errors collector initialized.
[    0.915207] sched_clock: Marking stable (913139539, 0)->(1094362779, -181223240)
[    0.918961] registered taskstats version 1
[    0.920547] Loading compiled-in X.509 certificates
[    0.926357] Loaded X.509 cert 'Build time autogenerated kernel key: 01a66adcc10ca4ce7676a3458c33483b0e2b806e'
[    0.929050] zswap: loaded using pool lzo/zbud
[    0.938565] Key type big_key registered
[    0.940267] Key type trusted registered
[    0.945037] Key type encrypted registered
[    0.946039] AppArmor: AppArmor sha1 policy hashing enabled
[    0.947290] ima: No TPM chip found, activating TPM-bypass! (rc=-19)
[    0.948766] ima: Allocated hash algorithm: sha1
[    0.949865] evm: HMAC attrs: 0x1
[    0.950984]   Magic number: 11:559:107
[    0.952129] rtc_cmos rtc_cmos: setting system clock to 2019-11-30 02:06:14 UTC (1575079574)
[    0.954513] BIOS EDD facility v0.16 2004-Jun-25, 0 devices found
[    0.957180] EDD information not available.
[    1.027722] Freeing unused kernel image memory: 2436K
[    1.036233] Write protecting the kernel read-only data: 20480k
[    1.039129] Freeing unused kernel image memory: 2008K
[    1.041517] Freeing unused kernel image memory: 1884K
[    1.056901] x86/mm: Checked W+X mappings: passed, no W+X pages found.
[    1.059555] x86/mm: Checking user space page tables
[    1.072187] x86/mm: Checked W+X mappings: passed, no W+X pages found.
Loading, please wait...
starting version 237
[    1.209724] Fusion MPT base driver 3.04.20
[    1.211025] Copyright (c) 1999-2008 LSI Corporation
[    1.212618] e1000: Intel(R) PRO/1000 Network Driver - version 7.3.21-k8-NAPI
[    1.214811] e1000: Copyright (c) 1999-2006 Intel Corporation.
[    1.229084] Fusion MPT SPI Host driver 3.04.20
[    1.426110] input: ImExPS/2 Generic Explorer Mouse as /devices/platform/i8042/serio1/input/input4
[    1.625353] e1000 0000:00:03.0 eth0: (PCI:33MHz:32-bit) 02:18:28:f7:cd:3b
[    1.627400] e1000 0000:00:03.0 eth0: Intel(R) PRO/1000 Network Connection
[    1.630872] mptbase: ioc0: Initiating bringup
[    1.631473] e1000 0000:00:03.0 enp0s3: renamed from eth0
[    1.812340] ioc0: LSI53C1030 A0: Capabilities={Initiator}
[    2.877606] scsi host2: ioc0: LSI53C1030 A0, FwRev=00000000h, Ports=1, MaxQ=256, IRQ=20
[    3.317583] scsi 2:0:0:0: Direct-Access     VBOX     HARDDISK         1.0  PQ: 0 ANSI: 5
[    3.356206] scsi target2:0:0: Beginning Domain Validation
[    3.364682] scsi target2:0:0: Domain Validation skipping write tests
[    3.367144] scsi target2:0:0: Ending Domain Validation
[    3.369350] scsi target2:0:0: asynchronous
[    3.372931] scsi 2:0:1:0: Direct-Access     VBOX     HARDDISK         1.0  PQ: 0 ANSI: 5
[    3.404111] scsi target2:0:1: Beginning Domain Validation
[    3.412037] random: fast init done
[    3.414276] scsi target2:0:1: Domain Validation skipping write tests
[    3.416405] scsi target2:0:1: Ending Domain Validation
[    3.418255] scsi target2:0:1: asynchronous
[    3.427454] random: systemd-udevd: uninitialized urandom read (16 bytes read)
[    3.429299] random: systemd-udevd: uninitialized urandom read (16 bytes read)
[    3.430853] random: systemd-udevd: uninitialized urandom read (16 bytes read)
[    3.432967] sd 2:0:0:0: [sda] 20971520 512-byte logical blocks: (10.7 GB/10.0 GiB)
[    3.434718] sd 2:0:0:0: [sda] Write Protect is off
[    3.435986] sd 2:0:0:0: [sda] Incomplete mode parameter data
[    3.437313] sd 2:0:0:0: [sda] Assuming drive cache: write through
[    3.438649] sd 2:0:0:0: Attached scsi generic sg0 type 0
[    3.441254] sd 2:0:1:0: [sdb] 20480 512-byte logical blocks: (10.5 MB/10.0 MiB)
[    3.442835] sd 2:0:1:0: [sdb] Write Protect is off
[    3.443969] sd 2:0:1:0: [sdb] Incomplete mode parameter data
[    3.445097] sd 2:0:1:0: [sdb] Assuming drive cache: write through
[    3.446331] sd 2:0:1:0: Attached scsi generic sg1 type 0
[    3.750114]  sda: sda1
[    3.752730] sd 2:0:0:0: [sda] Attached SCSI disk
[    3.778872] sd 2:0:1:0: [sdb] Attached SCSI disk
Begin: Loading essential drivers ... [    5.664149] raid6: sse2x1   gen()  4727 MB/s
[    5.712095] raid6: sse2x1   xor()  3799 MB/s
[    5.760106] raid6: sse2x2   gen()  6578 MB/s
[    5.808149] raid6: sse2x2   xor()  4230 MB/s
[    5.856148] raid6: sse2x4   gen()  7463 MB/s
[    5.904150] raid6: sse2x4   xor()  5058 MB/s
[    5.905108] raid6: using algorithm sse2x4 gen() 7463 MB/s
[    5.906179] raid6: .... xor() 5058 MB/s, rmw enabled
[    5.908427] raid6: using ssse3x2 recovery algorithm
[    5.914102] xor: measuring software checksum speed
[    5.963590]    prefetch64-sse: 21243.000 MB/sec
[    6.023599]    generic_sse: 27954.000 MB/sec
[    6.025072] xor: using function: generic_sse (27954.000 MB/sec)
[    6.030901] async_tx: api initialized (async)
done.
Begin: Running /scripts/init-premount ... done.
Begin: Mounting root file system ... Begin: Running /scripts/local-top ... done.
Begin: Running /scripts/local-premount ... [    6.141491] Btrfs loaded, crc32c=crc32c-intel
Scanning for Btrfs filesystems
done.
Warning: fsck not present, so skipping root file system
[    6.556421] EXT4-fs (sda1): mounted filesystem with ordered data mode. Opts: (null)
done.
Begin: Running /scripts/local-bottom ... done.
Begin: Running /scripts/init-bottom ... done.
[    8.351420] ip_tables: (C) 2000-2006 Netfilter Core Team
[    8.445230] random: crng init done
[    8.446977] random: 7 urandom warning(s) missed due to ratelimiting
[    8.494264] systemd[1]: systemd 237 running in system mode. (+PAM +AUDIT +SELINUX +IMA +APPARMOR +SMACK +SYSVINIT +UTMP +LIBCRYPTSETUP +GCRYPT +GNUTLS +ACL +XZ +LZ4 +SECCOMP +BLKID +ELFUTILS +KMOD -IDN2 +IDN -PCRE2 default-hierarchy=hybrid)
[    8.501669] systemd[1]: Detected virtualization oracle.
[    8.503499] systemd[1]: Detected architecture x86-64.

Welcome to [1mUbuntu 18.04.3 LTS[0m!

[    8.528810] systemd[1]: Set hostname to <ubuntu>.
[    8.583088] systemd[1]: Initializing machine ID from random generator.
[    8.585684] systemd[1]: Installed transient /etc/machine-id file.
[   10.499421] systemd[1]: Created slice User and Session Slice.
[[0;32m  OK  [0m] Created slice User and Session Slice.
[   10.503410] systemd[1]: Reached target System Time Synchronized.
[[0;32m  OK  [0m] Reached target System Time Synchronized.
[   10.507670] systemd[1]: Reached target Swap.
[[0;32m  OK  [0m] Reached target Swap.
[   10.510692] systemd[1]: Started Forward Password Requests to Wall Directory Watch.
[[0;32m  OK  [0m] Started Forward Password Requests to Wall Directory Watch.
[[0;32m  OK  [0m] Set up automount Arbitrary Executabâ€¦rmats File System Automount Point.
[[0;32m  OK  [0m] Created slice System Slice.
[[0;32m  OK  [0m] Listening on Syslog Socket.
[[0;32m  OK  [0m] Reached target Slices.
[[0;32m  OK  [0m] Listening on Journal Socket (/dev/log).
[[0;32m  OK  [0m] Listening on Network Service Netlink Socket.
[[0;32m  OK  [0m] Listening on LVM2 poll daemon socket.
[[0;32m  OK  [0m] Created slice system-serial\x2dgetty.slice.
[[0;32m  OK  [0m] Listening on udev Kernel Socket.
[[0;32m  OK  [0m] Listening on udev Control Socket.
[[0;32m  OK  [0m] Listening on Journal Socket.
         Starting Uncomplicated firewall...
         Starting Remount Root and Kernel File Systems...
         Starting Create list of required stâ€¦ce nodes for the current kernel...
         Starting Load Kernel Modules...
         Starting Set the console keyboard layout...
         Mounting Kernel Debug File System...
         Starting udev Coldplug all Devices...
         Mounting Huge Pages File System...
         Mounting POSIX Message Queue File System...
[[0;32m  OK  [0m] Listening on Device-mapper event daemon FIFOs.
[[0;32m  OK  [0m] Listening on LVM2 metadata daemon socket.
         Starting Monitoring of LVM2 mirrorsâ€¦ng dmeventd or progress polling...
[[0;32m  OK  [0m] Listening on /dev/initctl Compatibility Named Pipe.
[[0;32m  OK  [0m] Listening on Journal Audit Socket.
         Starting Journal Service...
[[0;32m  OK  [0m] Reached target User and Group Name Lookups.
[[0;32m  OK  [0m] Started Uncomplicated firewall.
[[0;32m  OK  [0m] Started Create list of required staâ€¦vice nodes for the current kernel.
         Starting Create Static Device Nodes in /dev...
[[0;32m  OK  [0m] Mounted Huge Pages File System.
[[0;32m  OK  [0m] Mounted Kernel Debug File System.
[[0;32m  OK  [0m] Mounted POSIX Message Queue File System.
[[0;32m  OK  [0m] Started udev Coldplug all Devices.
[   10.992557] Loading iSCSI transport class v2.0-870.
[   11.101171] EXT4-fs (sda1): re-mounted. Opts: (null)
[[0;32m  OK  [0m] Started Remount Root and Kernel File Systems.
         Starting Load/Save Random Seed...
[   11.202546] iscsi: registered transport (tcp)
[[0;32m  OK  [0m] Started Journal Service.
[[0;32m  OK  [0m] Started Load/Save Random Seed.
         Starting Flush Journal to Persistent Storage...
[   11.633316] systemd-journald[371]: Received request to flush runtime journal from PID 1
[[0;32m  OK  [0m] Started LVM2 metadata daemon.
[   11.779526] iscsi: registered transport (iser)
[[0;32m  OK  [0m] Started Load Kernel Modules.
         Mounting FUSE Control File System...
         Mounting Kernel Configuration File System...
         Starting Apply Kernel Variables...
[[0;32m  OK  [0m] Mounted FUSE Control File System.
[[0;32m  OK  [0m] Mounted Kernel Configuration File System.
[[0;32m  OK  [0m] Started Create Static Device Nodes in /dev.
         Starting udev Kernel Device Manager...
[[0;32m  OK  [0m] Started Flush Journal to Persistent Storage.
[[0;32m  OK  [0m] Started Monitoring of LVM2 mirrors,â€¦sing dmeventd or progress polling.
[[0;32m  OK  [0m] Started Apply Kernel Variables.
[[0;32m  OK  [0m] Started udev Kernel Device Manager.
[[0;32m  OK  [0m] Found device /dev/ttyS0.
[[0;32m  OK  [0m] Listening on Load/Save RF Kill Switch Status /dev/rfkill Watch.
[[0;32m  OK  [0m] Started Set the console keyboard layout.
[[0;32m  OK  [0m] Reached target Local File Systems (Pre).
[[0;32m  OK  [0m] Reached target Local File Systems.
         Starting Commit a transient machine-id on disk...
         Starting AppArmor initialization...
         Starting Set console font and keymap...
         Starting Tell Plymouth To Write Out Runtime Data...
         Starting Create Volatile Files and Directories...
         Starting ebtables ruleset management...
[[0;32m  OK  [0m] Started Dispatch Password Requests to Console Directory Watch.
[[0;32m  OK  [0m] Reached target Local Encrypted Volumes.
[[0;32m  OK  [0m] Started Set console font and keymap.
[[0;32m  OK  [0m] Started Tell Plymouth To Write Out Runtime Data.
[[0;32m  OK  [0m] Started Create Volatile Files and Directories.
         Starting Update UTMP about System Boot/Shutdown...
[[0;32m  OK  [0m] Started Commit a transient machine-id on disk.
[[0;32m  OK  [0m] Started Update UTMP about System Boot/Shutdown.
[[0;32m  OK  [0m] Started ebtables ruleset management.
[[0;32m  OK  [0m] Started AppArmor initialization.
         Starting Initial cloud-init job (pre-networking)...
[   25.053317] cloud-init[650]: Cloud-init v. 19.2-36-g059d049c-0ubuntu2~18.04.1 running 'init-local' at Sat, 30 Nov 2019 02:06:37 +0000. Up 23.98 seconds.
[[0;32m  OK  [0m] Started Initial cloud-init job (pre-networking).
[[0;32m  OK  [0m] Reached target Network (Pre).
         Starting Network Service...
[[0;32m  OK  [0m] Started Network Service.
         Starting Wait for Network to be Configured...
         Starting Network Name Resolution...
[[0;32m  OK  [0m] Started Network Name Resolution.
[[0;32m  OK  [0m] Reached target Host and Network Name Lookups.
[[0;32m  OK  [0m] Reached target Network.
[[0;32m  OK  [0m] Started Wait for Network to be Configured.
         Starting Initial cloud-init job (metadata service crawler)...
[   28.806533] cloud-init[764]: Cloud-init v. 19.2-36-g059d049c-0ubuntu2~18.04.1 running 'init' at Sat, 30 Nov 2019 02:06:41 +0000. Up 28.27 seconds.
[   28.820606] cloud-init[764]: ci-info: ++++++++++++++++++++++++++++++++++++++Net device info++++++++++++++++++++++++++++++++++++++
[   28.828395] cloud-init[764]: ci-info: +--------+------+----------------------------+---------------+--------+-------------------+
[   28.835146] cloud-init[764]: ci-info: | Device |  Up  |          Address           |      Mask     | Scope  |     Hw-Address    |
[   28.843406] cloud-init[764]: ci-info: +--------+------+----------------------------+---------------+--------+-------------------+
[   28.852785] cloud-init[764]: ci-info: | enp0s3 | True |         10.0.2.15          | 255.255.255.0 | global | 02:18:28:f7:cd:3b |
[   28.858271] cloud-init[764]: ci-info: | enp0s3 | True | fe80::18:28ff:fef7:cd3b/64 |       .       |  link  | 02:18:28:f7:cd:3b |
[   28.873099] cloud-init[764]: ci-info: |   lo   | True |         127.0.0.1          |   255.0.0.0   |  host  |         .         |
[   28.888696] cloud-init[764]: ci-info: |   lo   | True |          ::1/128           |       .       |  host  |         .         |
[   28.894384] cloud-init[764]: ci-info: +--------+------+----------------------------+---------------+--------+-------------------+
[   28.897573] cloud-init[764]: ci-info: ++++++++++++++++++++++++++++Route IPv4 info+++++++++++++++++++++++++++++
[   28.906655] cloud-init[764]: ci-info: +-------+-------------+----------+-----------------+-----------+-------+
[   28.913086] cloud-init[764]: ci-info: | Route | Destination | Gateway  |     Genmask     | Interface | Flags |
[   28.924993] cloud-init[764]: ci-info: +-------+-------------+----------+-----------------+-----------+-------+
[   28.931932] cloud-init[764]: ci-info: |   0   |   0.0.0.0   | 10.0.2.2 |     0.0.0.0     |   enp0s3  |   UG  |
[   28.954181] cloud-init[764]: ci-info: |   1   |   10.0.2.0  | 0.0.0.0  |  255.255.255.0  |   enp0s3  |   U   |
[   28.970455] cloud-init[764]: ci-info: |   2   |   10.0.2.2  | 0.0.0.0  | 255.255.255.255 |   enp0s3  |   UH  |
[   28.975376] cloud-init[764]: ci-info: +-------+-------------+----------+-----------------+-----------+-------+
[   28.977363] cloud-init[764]: ci-info: +++++++++++++++++++Route IPv6 info+++++++++++++++++++
[   28.983400] cloud-init[764]: ci-info: +-------+-------------+---------+-----------+-------+
[   28.985429] cloud-init[764]: ci-info: | Route | Destination | Gateway | Interface | Flags |
[   29.002991] cloud-init[764]: ci-info: +-------+-------------+---------+-----------+-------+
[   29.010193] cloud-init[764]: ci-info: |   1   |  fe80::/64  |    ::   |   enp0s3  |   U   |
[   29.015047] cloud-init[764]: ci-info: |   3   |    local    |    ::   |   enp0s3  |   U   |
[   29.022528] cloud-init[764]: ci-info: |   4   |   ff00::/8  |    ::   |   enp0s3  |   U   |
[   29.039123] cloud-init[764]: ci-info: +-------+-------------+---------+-----------+-------+
[   32.594236] cloud-init[764]: Generating public/private rsa key pair.
[   32.595952] cloud-init[764]: Your identification has been saved in /etc/ssh/ssh_host_rsa_key.
[   32.598792] cloud-init[764]: Your public key has been saved in /etc/ssh/ssh_host_rsa_key.pub.
[   32.600599] cloud-init[764]: The key fingerprint is:
[   32.601864] cloud-init[764]: SHA256:gHxKNDTu3tpbJguerHw2O+Rtt8ZraoRAsevTJ78k3Iw root@ubuntu-bionic
[   32.604154] cloud-init[764]: The key's randomart image is:
[   32.607088] cloud-init[764]: +---[RSA 2048]----+
[   32.610044] cloud-init[764]: |  .o=            |
[   32.613078] cloud-init[764]: |  .= +           |
[   32.615102] cloud-init[764]: | .. = o          |
[   32.616637] cloud-init[764]: |  .+ o .         |
[   32.618709] cloud-init[764]: |  ..o.  S        |
[   32.620028] cloud-init[764]: | . +o=.          |
[   32.621376] cloud-init[764]: |  ooEoB.o        |
[   32.623038] cloud-init[764]: | . +*@+==        |
[   32.624142] cloud-init[764]: |  o+**BBoo       |
[   32.625375] cloud-init[764]: +----[SHA256]-----+
[   32.627268] cloud-init[764]: Generating public/private dsa key pair.
[   32.628816] cloud-init[764]: Your identification has been saved in /etc/ssh/ssh_host_dsa_key.
[   32.634065] cloud-init[764]: Your public key has been saved in /etc/ssh/ssh_host_dsa_key.pub.
[   32.639323] cloud-init[764]: The key fingerprint is:
[   32.640969] cloud-init[764]: SHA256:ImncOLwEbqo7M3GxjIPZf4m0HOXxVCsfKmHwWtmRwY0 root@ubuntu-bionic
[   32.644123] cloud-init[764]: The key's randomart image is:
[   32.650275] cloud-init[764]: +---[DSA 1024]----+
[   32.654752] cloud-init[764]: |       ..=       |
[   32.658467] cloud-init[764]: |    .   E o      |
[   32.664342] cloud-init[764]: |  .  o o o .     |
[   32.686252] cloud-init[764]: | ..+ +O + o      |
[   32.687661] cloud-init[764]: |.=ooX*o=S+ .     |
[   32.710911] cloud-init[764]: |*o=o++o.o .      |
[   32.714069] cloud-init[764]: |.+ +.+ o         |
[   32.715712] cloud-init[764]: |=   = o          |
[   32.717004] cloud-init[764]: |o=   .           |
[   32.718949] cloud-init[764]: +----[SHA256]-----+
[   32.720898] cloud-init[764]: Generating public/private ecdsa key pair.
[   32.723838] cloud-init[764]: Your identification has been saved in /etc/ssh/ssh_host_ecdsa_key.
[   32.727266] cloud-init[764]: Your public key has been saved in /etc/ssh/ssh_host_ecdsa_key.pub.
[   32.732283] cloud-init[764]: The key fingerprint is:
[   32.734165] cloud-init[764]: SHA256:UnmNapSLw/RpoX3dBTnjgULz9f48rlw5oxh8jAb+Kq8 root@ubuntu-bionic
[   32.735888] cloud-init[764]: The key's randomart image is:
[   32.738086] cloud-init[764]: +---[ECDSA 256]---+
[   32.740934] cloud-init[764]: |         .o  .o. |
[   32.751100] cloud-init[764]: |         o.=..=o |
[   32.758132] cloud-init[764]: |      . * o.o. +o|
[   32.762957] cloud-init[764]: |     o B * . ..o |
[   32.769118] cloud-init[764]: |      * S.. . . .|
[   32.771843] cloud-init[764]: |       =..o o  .o|
[   32.774674] cloud-init[764]: |         . = o *o|
[   32.782628] cloud-init[764]: |       .  o = + +|
[   32.800836] cloud-init[764]: |       E+o.o +.. |
[   32.807149] cloud-init[764]: +----[SHA256]-----+
[   32.811640] cloud-init[764]: Generating public/private ed25519 key pair.
[   32.815677] cloud-init[764]: Your identification has been saved in /etc/ssh/ssh_host_ed25519_key.
[   32.819619] cloud-init[764]: Your public key has been saved in /etc/ssh/ssh_host_ed25519_key.pub.
[   32.837122] cloud-init[764]: The key fingerprint is:
[   32.841273] cloud-init[764]: SHA256:f769bD5axfSUeHfd/ezZYxeVgAeKYZaZI6Dtd6w0rgY root@ubuntu-bionic
[   32.845434] cloud-init[764]: The key's randomart image is:
[   32.853654] cloud-init[764]: +--[ED25519 256]--+
[   32.856496] cloud-init[764]: |   ..  ++  .o.   |
[   32.860315] cloud-init[764]: |  o  .o=o .. .o *|
[   32.882871] cloud-init[764]: | . .  ....  .. +X|
[   32.886246] cloud-init[764]: |  .   .       .=*|
[   32.894536] cloud-init[764]: |   . + oS      .*|
[   32.902148] cloud-init[764]: | E  + +  .     o+|
[   32.910156] cloud-init[764]: |  .  o    . . .++|
[   32.911288] cloud-init[764]: |   ..      o ++ o|
[   32.924553] cloud-init[764]: |  ..        +==o |
[   32.925969] cloud-init[764]: +----[SHA256]-----+
[[0;32m  OK  [0m] Started Initial cloud-init job (metadata service crawler).
[[0;32m  OK  [0m] Reached target Network is Online.
         Starting Availability of block devices...
[[0;32m  OK  [0m] Reached target Remote File Systems (Pre).
[[0;32m  OK  [0m] Reached target Remote File Systems.
[[0;32m  OK  [0m] Reached target System Initialization.
[[0;32m  OK  [0m] Listening on D-Bus System Message Bus Socket.
         Starting LXD - unix socket.
         Starting Socket activation for snappy daemon.
[[0;32m  OK  [0m] Started Daily apt download activities.
[[0;32m  OK  [0m] Started Message of the Day.
[[0;32m  OK  [0m] Listening on ACPID Listen Socket.
[[0;32m  OK  [0m] Started Daily Cleanup of Temporary Directories.
[[0;32m  OK  [0m] Listening on UUID daemon activation socket.
[[0;32m  OK  [0m] Started Daily apt upgrade and clean activities.
[[0;32m  OK  [0m] Started Discard unused blocks once a week.
[[0;32m  OK  [0m] Listening on Open-iSCSI iscsid Socket.
[[0;32m  OK  [0m] Started ACPI Events Check.
[[0;32m  OK  [0m] Reached target Paths.
[[0;32m  OK  [0m] Reached target Timers.
[[0;32m  OK  [0m] Reached target Cloud-config availability.
[[0;32m  OK  [0m] Started Availability of block devices.
[[0;32m  OK  [0m] Listening on LXD - unix socket.
[[0;32m  OK  [0m] Listening on Socket activation for snappy daemon.
[[0;32m  OK  [0m] Reached target Sockets.
[[0;32m  OK  [0m] Reached target Basic System.
[[0;32m  OK  [0m] Started D-Bus System Message Bus.
         Starting LXD - container startup/shutdown...
         Starting Pollinate to seed the pseudo random number generator...
[[0;32m  OK  [0m] Started Deferred execution scheduler.
[[0;32m  OK  [0m] Started irqbalance daemon.
         Starting System Logging Service...
         Starting LSB: Record successful boot for GRUB...
         Starting Login Service...
         Starting Accounts Service...
[[0;32m  OK  [0m] Started FUSE filesystem for LXC.
         Starting Virtualbox guest utils...
[[0;32m  OK  [0m] Started Regular background program processing daemon.
         Starting Permit User Sessions...
         Starting Dispatcher daemon for systemd-networkd...
         Starting Snappy daemon...
         Starting LSB: automatic crash report generation...
[[0;32m  OK  [0m] Started Permit User Sessions.
         Starting Hold until boot process finishes up...
         Starting Terminate Plymouth Boot Screen...
[[0;32m  OK  [0m] Started Hold until boot process finishes up.
         Starting Set console scheme...
[[0;32m  OK  [0m] Started Serial Getty on ttyS0.
[[0;32m  OK  [0m] Started Terminate Plymouth Boot Screen.
[[0;32m  OK  [0m] Started Login Service.
[[0;32m  OK  [0m] Started Unattended Upgrades Shutdown.
[[0;32m  OK  [0m] Started Set console scheme.
[[0;32m  OK  [0m] Created slice system-getty.slice.
[[0;32m  OK  [0m] Started Getty on tty1.
[[0;32m  OK  [0m] Reached target Login Prompts.
         Starting Authorization Manager...
[[0;32m  OK  [0m] Started LSB: automatic crash report generation.
[[0;32m  OK  [0m] Started LSB: Record successful boot for GRUB.
[[0;32m  OK  [0m] Started System Logging Service.
[[0;32m  OK  [0m] Started Authorization Manager.
[[0;32m  OK  [0m] Started Accounts Service.
[[0;32m  OK  [0m] Started Virtualbox guest utils.
[[0;32m  OK  [0m] Started Dispatcher daemon for systemd-networkd.

Ubuntu 18.04.3 LTS ubuntu-bionic ttyS0

ubuntu-bionic login: [   53.085492] cloud-init[1475]: Cloud-init v. 19.2-36-g059d049c-0ubuntu2~18.04.1 running 'modules:config' at Sat, 30 Nov 2019 02:07:04 +0000. Up 50.87 seconds.
ci-info: no authorized ssh keys fingerprints found for user ubuntu.
<14>Nov 30 02:07:07 ec2: 
<14>Nov 30 02:07:07 ec2: #############################################################
<14>Nov 30 02:07:07 ec2: -----BEGIN SSH HOST KEY FINGERPRINTS-----
<14>Nov 30 02:07:07 ec2: 1024 SHA256:ImncOLwEbqo7M3GxjIPZf4m0HOXxVCsfKmHwWtmRwY0 root@ubuntu-bionic (DSA)
<14>Nov 30 02:07:07 ec2: 256 SHA256:UnmNapSLw/RpoX3dBTnjgULz9f48rlw5oxh8jAb+Kq8 root@ubuntu-bionic (ECDSA)
<14>Nov 30 02:07:07 ec2: 256 SHA256:f769bD5axfSUeHfd/ezZYxeVgAeKYZaZI6Dtd6w0rgY root@ubuntu-bionic (ED25519)
<14>Nov 30 02:07:07 ec2: 2048 SHA256:gHxKNDTu3tpbJguerHw2O+Rtt8ZraoRAsevTJ78k3Iw root@ubuntu-bionic (RSA)
<14>Nov 30 02:07:07 ec2: -----END SSH HOST KEY FINGERPRINTS-----
<14>Nov 30 02:07:07 ec2: #############################################################
-----BEGIN SSH HOST KEY KEYS-----
ecdsa-sha2-nistp256 AAAAE2VjZHNhLXNoYTItbmlzdHAyNTYAAAAIbmlzdHAyNTYAAABBBAbzgbLXXpr8Uoy2Y9rBA2UaKGttXoQRQ2E8PXgxv38hJ2A3Hl3K5ADS3idmcqRBwpGyWvkfpG8NhSzL33cgEGA= root@ubuntu-bionic
ssh-ed25519 AAAAC3NzaC1lZDI1NTE5AAAAIHgB4hs8c0k1aA45AU+x+zVfU1RIW0vZWNkqcD1iW34F root@ubuntu-bionic
ssh-rsa AAAAB3NzaC1yc2EAAAADAQABAAABAQDGP0yIsEj8TsfCmICRkk1vLcFk3v4XdqJiDwBA3EPtPVvhUp9/gEA5Zz9+QCyTDqZp7U/wj2oVhZGpypx3y5YFd1U//fOubFXF4yraaPWSpyhZc1v2I9PMAhht7Ss2ccHQG5Ej2YI13ZcohW8+455zx3P+3KmEcx86C9BrMvAFblE+ulu2bg3DOaCwym4ZsurH1+hDmb0yJIgNK2GP2QknM4edyd22u8uShdBSq+I4PO3DxcVehk8CwyhCUv2jtrVPcMoKk1TN0U6HdsMSb+DDcevf1iv3I5jxRLFFAfGjT6Sv+L2JGVYUemhslYznIln8P3jgiZj9Bm0tLjHkFeZ1 root@ubuntu-bionic
-----END SSH HOST KEY KEYS-----
[   54.426591] cloud-init[1648]: Cloud-init v. 19.2-36-g059d049c-0ubuntu2~18.04.1 running 'modules:final' at Sat, 30 Nov 2019 02:07:07 +0000. Up 54.00 seconds.
[   54.429106] cloud-init[1648]: ci-info: no authorized ssh keys fingerprints found for user ubuntu.
[   54.430779] cloud-init[1648]: Cloud-init v. 19.2-36-g059d049c-0ubuntu2~18.04.1 finished at Sat, 30 Nov 2019 02:07:07 +0000. Datasource DataSourceNoCloud [seed=/dev/sdb][dsmode=net].  Up 54.41 seconds
         Stopping Session 24 of user vagrant.
[[0;32m  OK  [0m] Stopped target Timers.
[[0;32m  OK  [0m] Stopped Daily Cleanup of Temporary Directories.
[[0;32m  OK  [0m] Stopped Message of the Day.
[[0;32m  OK  [0m] Stopped target Host and Network Name Lookups.
[[0;32m  OK  [0m] Stopped target Graphical Interface.
         Stopping Availability of block devices...
[[0;32m  OK  [0m] Stopped Daily apt upgrade and clean activities.
[[0;32m  OK  [0m] Stopped Daily apt download activities.
[[0;32m  OK  [0m] Stopped Discard unused blocks once a week.
[[0;32m  OK  [0m] Stopped target System Time Synchronized.
         Stopping User Manager for UID 1000...
         Stopping Accounts Service...
[[0;32m  OK  [0m] Closed Load/Save RF Kill Switch Status /dev/rfkill Watch.
[[0;32m  OK  [0m] Stopped target Cloud-init target.
[[0;32m  OK  [0m] Stopped Execute cloud user/final scripts.
[[0;32m  OK  [0m] Stopped Apply the settings specified in cloud-config.
[[0;32m  OK  [0m] Stopped target Cloud-config availability.
[[0;32m  OK  [0m] Stopped target Multi-User System.
         Stopping Deferred execution scheduler...
         Stopping Virtualbox guest utils...
         Stopping LXD - container startup/shutdown...
         Stopping LSB: Record successful boot for GRUB...
         Stopping Regular background program processing daemon...
[[0;32m  OK  [0m] Stopped Wait until snapd is fully seeded.
         Stopping LSB: automatic crash report generation...
[[0;32m  OK  [0m] Stopped PostgreSQL RDBMS.
         Stopping PostgreSQL Cluster 10-main...
         Stopping D-Bus System Message Bus...
         Stopping FUSE filesystem for LXC...
         Stopping Dispatcher daemon for systemd-networkd...
         Stopping irqbalance daemon...
[[0;32m  OK  [0m] Stopped target Login Prompts.
         Stopping Serial Getty on ttyS0...
         Stopping Getty on tty1...
         Stopping Unattended Upgrades Shutdown...
[[0;32m  OK  [0m] Stopped target Network is Online.
         Stopping OpenBSD Secure Shell server...
         Stopping Authorization Manager...
         Stopping System Logging Service...
[[0;32m  OK  [0m] Unmounted /var/lib/lxcfs.
[[0;32m  OK  [0m] Stopped Deferred execution scheduler.
[[0;32m  OK  [0m] Stopped irqbalance daemon.
[[0;32m  OK  [0m] Stopped System Logging Service.
[[0;32m  OK  [0m] Stopped Accounts Service.
[[0;32m  OK  [0m] Stopped Regular background program processing daemon.
[[0;32m  OK  [0m] Stopped Dispatcher daemon for systemd-networkd.
[[0;32m  OK  [0m] Stopped Serial Getty on ttyS0.
[[0;32m  OK  [0m] Stopped Getty on tty1.
[[0;32m  OK  [0m] Stopped Authorization Manager.
[[0;32m  OK  [0m] Stopped Unattended Upgrades Shutdown.
[[0;32m  OK  [0m] Stopped OpenBSD Secure Shell server.
[[0;32m  OK  [0m] Stopped User Manager for UID 1000.
[[0;32m  OK  [0m] Stopped D-Bus System Message Bus.
[[0;32m  OK  [0m] Stopped Session 24 of user vagrant.
[[0;32m  OK  [0m] Removed slice User Slice of vagrant.
         Stopping Login Service...
[[0;32m  OK  [0m] Removed slice system-getty.slice.
         Stopping Permit User Sessions...
[[0;32m  OK  [0m] Removed slice system-serial\x2dgetty.slice.
[[0;32m  OK  [0m] Stopped FUSE filesystem for LXC.
[[0;32m  OK  [0m] Stopped LXD - container startup/shutdown.
[[0;32m  OK  [0m] Stopped Permit User Sessions.
[[0;32m  OK  [0m] Stopped target Network.
         Stopping Network Name Resolution...
[[0;32m  OK  [0m] Stopped Availability of block devices.
[[0;32m  OK  [0m] Stopped Login Service.
[[0;32m  OK  [0m] Stopped target User and Group Name Lookups.
[[0;32m  OK  [0m] Stopped Network Name Resolution.
[[0;32m  OK  [0m] Stopped LSB: Record successful boot for GRUB.
[[0;32m  OK  [0m] Stopped Virtualbox guest utils.
[[0;32m  OK  [0m] Stopped LSB: automatic crash report generation.
[[0;32m  OK  [0m] Stopped target Remote File Systems.
[[0;32m  OK  [0m] Stopped target Remote File Systems (Pre).
[[0;32m  OK  [0m] Stopped PostgreSQL Cluster 10-main.
[[0;32m  OK  [0m] Removed slice system-postgresql.slice.
[[0;32m  OK  [0m] Stopped target Basic System.
[[0;32m  OK  [0m] Stopped target Paths.
[[0;32m  OK  [0m] Stopped ACPI Events Check.
[[0;32m  OK  [0m] Stopped target Sockets.
[[0;32m  OK  [0m] Closed LXD - unix socket.
[[0;32m  OK  [0m] Closed Socket activation for snappy daemon.
[[0;32m  OK  [0m] Closed UUID daemon activation socket.
[[0;32m  OK  [0m] Closed Open-iSCSI iscsid Socket.
[[0;32m  OK  [0m] Closed ACPID Listen Socket.
[[0;32m  OK  [0m] Closed D-Bus System Message Bus Socket.
[[0;32m  OK  [0m] Stopped target System Initialization.
[[0;32m  OK  [0m] Stopped target Local Encrypted Volumes.
[[0;32m  OK  [0m] Stopped Forward Password Requests to Wall Directory Watch.
[[0;32m  OK  [0m] Stopped Dispatch Password Requests to Console Directory Watch.
[[0;32m  OK  [0m] Stopped Commit a transient machine-id on disk.
         Stopping Update UTMP about System Boot/Shutdown...
[[0;32m  OK  [0m] Stopped Initial cloud-init job (metadata service crawler).
[[0;32m  OK  [0m] Stopped Wait for Network to be Configured.
         Stopping Network Service...
         Stopping Load/Save Random Seed...
[[0;32m  OK  [0m] Closed Syslog Socket.
[[0;32m  OK  [0m] Stopped target Slices.
[[0;32m  OK  [0m] Removed slice User and Session Slice.
[[0;32m  OK  [0m] Stopped Network Service.
[[0;32m  OK  [0m] Stopped Apply Kernel Variables.
[[0;32m  OK  [0m] Stopped Load Kernel Modules.
[[0;32m  OK  [0m] Stopped target Network (Pre).
[[0;32m  OK  [0m] Stopped Initial cloud-init job (pre-networking).
[[0;32m  OK  [0m] Stopped Load/Save Random Seed.
[[0;32m  OK  [0m] Stopped Update UTMP about System Boot/Shutdown.
[[0;32m  OK  [0m] Stopped Create Volatile Files and Directories.
[[0;32m  OK  [0m] Stopped target Local File Systems.
         Unmounting /vagrant...
         Unmounting /run/user/1000...
[[0;32m  OK  [0m] Unmounted /run/user/1000.
[[0;32m  OK  [0m] Stopped target Swap.
[[0;32m  OK  [0m] Unmounted /vagrant.
[[0;32m  OK  [0m] Reached target Unmount All Filesystems.
[[0;32m  OK  [0m] Stopped target Local File Systems (Pre).
         Stopping Monitoring of LVM2 mirrorsâ€¦ng dmeventd or progress polling...
[[0;32m  OK  [0m] Stopped Create Static Device Nodes in /dev.
[[0;32m  OK  [0m] Stopped Remount Root and Kernel File Systems.
[[0;32m  OK  [0m] Reached target Shutdown.
[[0;32m  OK  [0m] Reached target Final Step.
         Starting Power-Off...
[ 7887.326289] reboot: Power down
