[   0.000000] Linux version 4.15.0-66-generic (buildd@lgw01-amd64-044) (gcc version 7.4.0 (Ubuntu 7.4.0-1ubuntu1~18.04.1)) #75-Ubuntu SMP Tue Oct 1 05:24:09 UTC 2019 (Ubuntu 4.15.0-66.75-generic 4.15.18)
[    0.000000] Command line: BOOT_IMAGE=/boot/vmlinuz-4.15.0-66-generic root=LABEL=cloudimg-rootfs ro console=tty1 console=ttyS0
[    0.000000] KERNEL supported cpus:
[    0.000000]   Intel Genunentel
[    0.000000]   AMD AuthenticAMD
[    0.000000]   Centaur CentaurHauls
[    0.000000] random: get_random_u32 called from bsp_int_amd+0x207/0x2c0 with crng_init=0
[    0.000000] x86/fpu: Supporting XSAVE feature 0x001: 'x87 floating point registers'
    0.000000] x86/fpu: Supporting XSAVE feature 0x002: 'SSE registers'
[    0.000000] x86/fpu: Supporting XSAVE feature 0x004: 'AVX registers'
[    0.000000] x86/fpu: xstate_offset[2]:  576, xstate_sizes[2]:  256
[    0.000000] x86/fpu: Enabled xstate features 0x7, context size is 832 bytes, using 'standard' formt.
    0.000000] e820: BIOS-pvided physical RAM map:
[    0.000000] BIOS-e820: [mem 0x0000000000000000-0x000000000009fbff] usable
[    0.000000] BIOS-e820: [mem 0x000000000009fc00-0x000000000009ffff] resered
    0.000000] BIOS-e820: [mem 0x00000000000f0000-0x00000000000fffff] reserved
[    0.000000] BIOS-e820: [mem 0x0000000000100000-0x000000003ffeffff] usable
[    0.000000] BIOS-e820: [mem 0x000000003fff0000-0x000000003fffffff] ACPI data
[    0.000000] BIOS-e820: [mem 0x00000000fec00000-0x00000000fec00fff] reserved
[    0.000000] BIOS-e820: [mem 0x00000000fee00000-0x00000000fee00fff] reserved
[    0.000000] BIOS-e820: [mem 0x00000000fffc0000-0x00000000ffffffff] reserved
[    0.000000] NX (Execute Disable) protection: active
[    0.000000] SMBIOS 2.5 present.
[    0.000000] DMI: innotek GmbH VirtualBox/VirtualBox, BIOS VirtualBox 12/01/2006
[    0.000000] Hypervisor detctd: KVM
[    0.000000] e820: last_pfn = 0x3fff0 max_arch_pfn = 0x400000000
[    0.000000] MTRR: Disabed
[    0.000000] x86/PAT: MTRRs disabled, skipping PAT initialization too.
[    0.000000]CPU MTRRs all blank - virtualized system.
[    0.000000] x86/PAT: Configuration [0-7]: WB  WT  UC- UC  WB  WT  UC- UC  
[    0.000000] found SMP MP-table at [mem 0x0009fff0-0x0009ffff]
[    0.000000] Scanning 1 areas for low memory corruption
[    0.000000] RAMDISK: [mem 0x35a8b000-0x36d3cfff]
[    0.000000] ACPI: Early table checksum verification disabled
[    0.000000] ACPI: RSDP 0x00000000000E0000 000024 (v02 VBOX  )
[    0.000000] ACPI: XSDT 0x000000003FFF0030 00003C (v01 VBOX   VBOXXSDT 00000001 ASL  00000061)
[    0.000000] ACPI: FACP 0x000000003FFF00F0 0000F4 (v04 VBOX   VBOXFACP 00000001 ASL  00000061)
[    0.00000] ACPI: DSDT 0x000000003FFF0470 0021FF (v02 VBOX   VBOXBIOS 00000002 INTL 20180105)
[    0.000000] ACPI: FACS 0x000000003FFF0200 000040
[    0.000000] ACPI: FACS 0x000000003FFF0200 000040
[    0.000000] ACPI: APIC 0x00000003FFF0240 00005C (v02 VBOX   VBOXAPIC 00000001 ASL  00000061)
[    0.000000] ACPI: SSDT 0x000000003FFF02A0 0001CC (v01 VBOX   VBOXCPUT 00000002 INTL 20180105)
[    0.000000] No NUMA configuration found
[    0.000000]Faking a node at [mem 0x0000000000000000-0x000000003ffeffff]
[    0.000000] NODE_DATA(0) allocated [mem 0x3ffc5000-0x3ffeffff]
[    0.000000] kvm-clock: cpu 0, msr 0:3ff44001, primary cpu clock
[    0.000000] kvm-clock: Using msrs 4b564d01 and 4b564d00
[    0.000000] kvm-lok: using sched offset of 3915305442 cycles
[    0.000000] clocksource: kvm-clock: mask: 0xffffffffffffffff max_cycles: 0x1cd42e4dffb, max_idle_ns: 881590591483 ns
[    0.000000] Zone ranges:
[    0.000000]   DMA      [mem 0x000000000001000-0x0000000000ffffff]
[    0.000000]  DMA32    [mem 0x0000000001000000-0x000000003ffeffff]
[    0.000000]   Normal   empty
[    0.000000]   Device   empty
[    0.000000] Movable zone start for each node
[    0.000000] Early memory node ranges
[    0.000000]   node   0: [mem 0x0000000000001000-0x000000000009efff]
[    0.000000]   node   0: [mem 0x000000000100000-0x000000003ffeffff]
[    0.000000] Reserved but unavailable: 98 pages
[    0.000000] Initmem setup node 0 [mem 0x0000000000001000-0x000000003ffeffff]
[    0.000000] ACPI: PM-Timer IO Port: 0x4008
[    0.00000] IOAPIC[0]: apic_id 2, version 32, address 0xfec00000, GSI 0-23
[    0.000000] ACPI: INT_SRC_OVR (bus 0 bus_irq 0 global_irq 2 dfl dfl)
[    0.000000] ACPI: INT_SRC_OV (s 0 bus_irq 9 global_irq 9 low level)
[    0.000000] Using ACPI (MADT) for SMP configuration information
[    0.000000] smpboot: Allowing 2 CPUs, 0 hotplug CPUs
[    0.000000] PM: Registered nosave memory: [mem 0x00000000-0x00000fff]
[    0.000000] PM: Registered nosave memor: [mem 0x0009f000-0x0009ffff]
[    0.000000] PM: Registered nosave memory: [mem 0x000a0000-0x000effff]
[    0.000000] PM: Registered nosave memory: [mem 0x000f0000-0x000fffff]
[    0.000000] e820: [mem 0x40000000-0xfebfffff] available for PCI devices
[    0.000000] Booting paravirtualized kernel on KVM
[    0.000000] clocksource: refined-jiffies: mask: 0xffffffff max_cycles: 0xffffffff, max_idle_ns: 7645519600211568 ns
[    0.000000] setup_percpu: NR_CPUS:8192 nr_cpumask_bi:2 nr_cpu_ids:2 nr_node_ids:1
[    0.000000] percpu: Embedded 46 pages/cpu s151552 r8192 d28672 u1048576
[    0.000000] PV qspinlock hash table entries: 256 (order: 0, 4096 bytes)
[    0.000000] Built 1 zonelists, mobility grouping on.  Total pages: 257913
[    0.000000] Policy zone: DMA32
[    0.000000] Kernel command line: BOOT_IMAGE=/boot/vmlinuz-4.15.0-66-generic root=LABEL=cludim-rootfs ro console=tty1 console=ttyS0
[    0.000000] Memory: 983436K/1048120K available (12300K kernel code, 2481K rwdata, 4260K rodata, 2436K init, 2388K bss, 64684K reserved, 0K cma-reserved)
[    0.000000] SLUB: HWalign=64, Order=0-3, MinObjects=0, CPUs=2, Nodes=1
[    0.000000] ftrace: allocating 39306 entries in 154 ages
[    0.004000] Hierarchical RCU implementation.
[    0.004000] 	RCU restricting CPUs from NR_CPUS=8192 to nr_cpu_ids=2.
[    0.004000] 	Tasks RCU enabled.
[   0.004000] RCU: Adjusting geometry for rcu_fanout_leaf=16, nr_cpu_ids=2
[    0.004000] NR_IRQS: 524544, nr_irqs: 440 prellocated irqs: 16
[    0.004000] Console: colour VGA+ 80x25
[    0.004000] console [tty1] enabled
[    0.004000] console [ttyS0] enabled
[    0.004000] ACPI: Core revision 20170831
[    0.004000] ACPI: 2 ACPI AML tables successfully acquired and loaded
[   0.004000] APIC: Switch to symmetric I/O mode setup
[    0.004000] x2apic enabled
[    0.004000] Switched APIC routing to physical x2apic.
[    0.004000] ..TIMER: vector=0x30 apic1=0 pin1=2 apic2=-1 pin2=-1
[    0.004000] tsc: Detected 2595.128 MHz processor
[    0.004024] tsc: Marking TSC unstable due to TSCs unsynchronized
[    0.005066] Calibrating delay loop (skipped) preset value.. 5190.25 BogoMIPS (lpj=10380512)
[    0.008011] pid_max: default: 32768 minimum: 301
[    0.008895] Security Framework initialized
[    0.012014] Yama: becoming mindful.
[    0.016075] AppArmor: AppArmor initialized
[    0.021400] Dentry cache hash table entries: 131072 (order: 8, 1048576 bytes)
[    0.024252] Inode-cache hash table entries: 65536 (order: 7, 524288 bytes)
[    0.028058] Mount-cache hash table entries: 2048 (order: 2, 16384 bytes)
[    0.032035] Mountpoint-cache hash table entries: 2048 (order: 2, 16384 bytes)
[    0.040039] Last level iTLB entries: 4KB 512, 2MB 1024, 4MB 512
[    0.044013] Last level dTLB entries: 4KB 1024, 2MB 1024, 4MB 512, 1GB 0
[    0.048013] Spectre V1 : Mitigation: usercopy/swapgs barriers and __user pointer sanitization
[    0.052013] Spectre V2 : Spectre mitigation: LFENCE not serializing, switching to generic retpoline
[    0.053546] Spectre V2 : Mitigation: Full generic retpoline
[    0.054503] Spectre V2 : Spectre v2 / SpectreRSB mitigation: Filling RSB on context switch
[    0.056014] Speculative Store Bypass: Mitigation: Speculative Store Bypass disabled via prctl and seccomp
[    0.060275] Freeing SMP alternatives memory: 36K
[    0.175481] smpboot: CPU0: AMD A6-9225 RADEON R4, 5 COMPUTE CORES 2C+3G (family: 0x15, model: 0x70, stepping: 0x0)
[    0.176176] Performance Events: PMU not available due to virtualization, using software events only.
[    0.180170] Hierarchical SRCU implementation.
[    0.181870] NMI watchdog: Perf event create on CPU 0 failed with -2
[    0.184022] NMI watchdog: Perf NMI watchdog permanently disabled
[    0.185166] smp: Bringing up secondary CPUs ...
[    0.192100] x86: Booting SMP configuration:
[    0.192905] .... node  #0, CPUs:      #1
[    0.004000] kvm-clock: cpu 1, msr 0:3ff44041, secondary cpu clock
[    0.208069] smp: Brought up 1 node, 2 CPUs
[    0.208920] smpboot: Max logical packages: 1
[    0.209755] smpboot: Total of 2 processors activated (10380.51 BogoMIPS)
[    0.212003] devtmpfs: initialized
[    0.212146] x86/mm: Memory block size: 128MB
[    0.220300] evm: security.selinux
[    0.221921] evm: security.SMACK64
[    0.224009] evm: security.SMACK64EXEC
[    0.226203] evm: security.SMACK64TRANSMUTE
[    0.226203] evm: security.SMACK64MMAP
[    0.226203] evm: security.apparmor
[    0.232013] evm: security.ima
[    0.233537] evm: security.capability
[    0.236164] clocksource: jiffies: mask: 0xffffffff max_cycles: 0xffffffff, max_idle_ns: 7645041785100000 ns
[    0.244036] futex hash table entries: 512 (order: 3, 32768 bytes)
[    0.248850] pinctrl core: initialized pinctrl subsystem
[    0.251040] RTC time: 19:50:38, date: 10/30/19
[    0.256473] NET: Registered protocol family 16
[    0.260174] audit: initializing netlink subsys (disabled)
[    0.264731] audit: type=2000 audit(1572465041.676:1): state=initialized audit_enabled=0 res=1
[    0.268352] cpuidle: using governor ladder
[    0.272184] cpuidle: using governor menu
[    0.276109] ACPI: bus type PCI registered
[    0.280016] acpiphp: ACPI Hot Plug PCI Controller Driver version: 0.5
[    0.284187] PCI: Using configuration type 1 for base access
[    0.288013] PCI: Using configuration type 1 for extended access
[    0.300246] HugeTLB registered 2.00 MiB page size, pre-allocated 0 pages
[    0.308330] ACPI: Added _OSI(Module Device)
[    0.312036] ACPI: Added _OSI(Processor Device)
[    0.340024] ACPI: Added _OSI(3.0 _SCP Extensions)
[    0.372012] ACPI: Added _OSI(Processor Aggregator Device)
[    0.372970] ACPI: Added _OSI(Linux-Dell-Video)
[    0.373722] ACPI: Added _OSI(Linux-Lenovo-NV-HDMI-Audio)
[    0.376006] ACPI: Added _OSI(Linux-HPI-Hybrid-Graphics)
[    0.392388] ACPI: Executed 1 blocks of module-level executable AML code
[    0.420280] ACPI: Interpreter enabled
[    0.436046] ACPI: (supports S0 S5)
[    0.436046] ACPI: Using IOAPIC for interrupt routing
[    0.456402] PCI: Using host bridge windows from ACPI; if necessary, use "pci=nocrs" and report a bug
[    0.476281] ACPI: Enabled 2 GPEs in block 00 to 07
[    0.487493] ACPI: PCI Root Bridge [PCI0] (domain 0000 [bus 00-ff])
[    0.508033] acpi PNP0A03:00: _OSC: OS supports [ExtendedConfig ASPM ClockPM Segments MSI]
[    0.524139] acpi PNP0A03:00: _OSC: OS now controls [PCIeHotplug PME AER PCIeCapability]
[    0.540486] PCI host bridge to bus 0000:00
[    0.541364] pci_bus 0000:00: root bus resource [io  0x0000-0x0cf7 window]
[    0.552017] pci_bus 0000:00: root bus resource [io  0x0d00-0xffff window]
[    0.564009] pci_bus 0000:00: root bus resource [mem 0x000a0000-0x000bffff window]
[    0.576017] pci_bus 0000:00: root bus resource [mem 0x40000000-0xfdffffff window]
[    0.577395] pci_bus 0000:00: root bus resource [bus 00-ff]
[    0.589310] pci 0000:00:01.1: legacy IDE quirk: reg 0x10: [io  0x01f0-0x01f7]
[    0.604026] pci 0000:00:01.1: legacy IDE quirk: reg 0x14: [io  0x03f6]
[    0.616019] pci 0000:00:01.1: legacy IDE quirk: reg 0x18: [io  0x0170-0x0177]
[    0.617452] pci 0000:00:01.1: legacy IDE quirk: reg 0x1c: [io  0x0376]
[    0.693915] pci 0000:00:07.0: quirk: [io  0x4000-0x403f] claimed by PIIX4 ACPI
[    0.700020] pci 0000:00:07.0: quirk: [io  0x4100-0x410f] claimed by PIIX4 SMB
[    0.720052] ACPI: PCI Interrupt Link [LNKA] (IRQs 5 9 10 *11)
[    0.722079] ACPI: PCI Interrupt Link [LNKB] (IRQs 5 9 *10 11)
[    0.728320] ACPI: PCI Interrupt Link [LNKC] (IRQs 5 *9 10 11)
[    0.736274] ACPI: PCI Interrupt Link [LNKD] (IRQs 5 9 10 *11)
[    0.744865] SCSI subsystem initialized
[    0.748048] pci 0000:00:02.0: vgaarb: setting as boot VGA device
[    0.749305] pci 0000:00:02.0: vgaarb: VGA device added: decodes=io+mem,owns=io+mem,locks=none
[    0.752012] pci 0000:00:02.0: vgaarb: bridge control possible
[    0.756006] vgaarb: loaded
[    0.760138] ACPI: bus type USB registered
[    0.760138] usbcore: registered new interface driver usbfs
[    0.776061] usbcore: registered new interface driver hub
[    0.784075] usbcore: registered new device driver usb
[    0.796148] EDAC MC: Ver: 3.0.0
[    0.800345] PCI: Using ACPI for IRQ routing
[    0.804420] NetLabel: Initializing
[    0.805381] NetLabel:  domain hash size = 128
[    0.808011] NetLabel:  protocols = UNLABELED CIPSOv4 CALIPSO
[    0.812050] NetLabel:  unlabeled traffic allowed by default
[    0.816127] clocksource: Switched to clocksource kvm-clock
[    0.82806] VFS: Disk quotas dquot_6.6.0
[    0.878516] VFS: Dquot-cache hash table entries: 512 (order 0, 4096 bytes)
[    0.880132] AppArmor: AppArmor Filesystem Enabled
[    0.881138] pnp: PnP ACPI init
[    0.882417] pnp: PnP ACPI: found 3 deces

[    0.951560] clocksource: acpi_pm: mask: 0xffffff max_cycles: xffffff, max_ide_ns: 2085701024 ns
[    1.037829] NET: Regisere protocol family 2

[    1.096285] TCP established hash table entries:8192 (order: 4, 65536 bytes)
[    1.132118] TCP bind hash table entries: 8192 (order: 5, 131072 bytes)
[    1.133397] TCP: Hash tables configured (established 8192 bind 8192)
[    1.159411] UDP hash table entries: 512 (order: 2, 16384 bytes)
[    1.181919] UDP-Lite hash table entries: 512 (order: 2, 16384 bytes)
[    1.183297] NET: Registered protocol family 1
[    1.201322] pci 0000:00:00.0: Limiting direct PCI/PCI transfers
[    1.217845] pci 0000:00:01.0: Activating ISA DMA hang workarounds
[    1.219217] pci 0000:00:02.0: Video device with shadowed ROM at [mem 0x000c0000-0x000dffff]
[    2371]npacking initramfs...

[    1.853119] Freeing initrd memory: 19144K
[    1.860530] clocksource: tsc: mask: 0xffffffffffffffff max_cycles: 0x256841b7fc2, max_idle_ns: 440795326358 ns
[    1.863936] platform rtc_cmos: registered platform RTC device (no PNP device found)
[    1.865548] Scanning for low memory corruption every 60 seconds
[    1.870007] Initialise system trusted keyrings
[    1.873119] Key type blacklist registered
[    1.874158] workingset: timestamp_bits=36 max_order=18 bucket_order=0
[    1.876947] zbud: loaded
[    1.878460] squashfs: version 4.0 (2009/01/31) Phillip Lougher
[    1.879990] fuse init (API version 7.26)
[    1.885247] Key type asymmetric registered
[    1.886079] Asymmetric key parser 'x509' registered
[    1.887533] Block layer SCSI generic (bsg) driver version 0.4 loaded (major 246)
[    1.915014] io scheduler noop registered
[    1.923109] io scheduler deadline registered
[    1.923941] io scheduler cfq registered (default)
[    1.925236] ACPI: AC Adapter [AC] (on-line)
[    1.926098] input: Power Button as /devices/LNXSYSTM:00/LNXPWRBN:00/input/input0
[    1.927612] ACPI: Power Button [PWRF]
[    1.928507] input: Sleep Button as /devices/LNXSYSTM:00/LNXSLPBN:00/input/input1
[    1.929869] ACPI: Sleep Button [SLPF]
[    1.931577] Serial: 8250/16550 driver, 32 ports, IRQ sharing enabled
[    1.932725] ACPI: Battery Slot [BAT0] (battery present)
[    1.959530] 00:02: ttyS0 at I/O 0x3f8 (irq = 4, base_baud = 115200) is a 16550A
[    1.974234] Linux agpgart interface v0.103
[    1.978955] loop: module loaded
[    1.982168] scsi host0: ata_piix
[    1.985141] scsi host1: ata_piix
[    1.986589] ata1: PATA max UDMA/33 cmd 0x1f0 ctl 0x3f6 bmdma 0xd000 irq 14
[    1.995708] ata2: PATA max UDMA/33 cmd 0x170 ctl 0x376 bmdma 0xd008 irq 15
[    1.998728] libphy: Fixed MDIO Bus: probed
[    2.000698] tun: Universal TUN/TAP device driver, 1.6
[    2.002786] PPP generic driver version 2.4.2
[    2.009206] ehci_hcd: USB 2.0 'Enhanced' Host Controller (EHCI) Driver
[    2.042195] ehci-pci: EHCI PCI platform driver
[    2.043185] ehci-platform: EHCI generic platform driver
[    2.049601] ohci_hcd: USB 1.1 'Open' Host Controller (OHCI) Driver
[    2.050893] ohci-pci: OHCI PCI platform driver
[    2.051899] ohci-platform: OHCI generic platform driver
[    2.058421] uhci_hcd: USB Universal Host Controller Interface driver
[    2.075220] i8042: PNP: PS/2 Controller [PNP0303:PS2K,PNP0f03:PS2M] at 0x60,0x64 irq 1,12
[    2.096398] serio: i8042 KBD port at 0x60,0x64 irq 1
[    2.107498] serio: i8042 AUX port at 0x60,0x64 irq 12
[    2.127932] mousedev: PS/2 mouse device common for all mice
[    2.143562] input: AT Translated Set 2 keyboard as /devices/platform/i8042/serio0/input/input2
[    2.144128] rtc_cmos rtc_cmos: rtc core: registered rtc_cmos as rtc0
[    2.161377] rtc_cmos rtc_cmos: alarms up to one day, 114 bytes nvram
[    2.162883] i2c /dev entries driver
[    2.163750] device-mapper: uevent: version 1.0.3
[    2.164854] device-mapper: ioctl: 4.37.0-ioctl (2017-09-20) initialised: dm-devel@redhat.com
[    2.177482] ledtrig-cpu: registered to indicate activity on CPUs
[    2.178953] x86/pm: family 0x15 cpu detected, MSR saving is needed during suspending.
[    2.186081] NET: Registered protocol family 10
[    2.195647] Segment Routing with IPv6
[    2.207440] NET: Registered protocol family 17
[    2.208773] Key type dns_resolver registered
[    2.210083] mce: Using 0 MCE banks
[    2.210889] RAS: Correctable Errors collector initialized.
[    2.212352] sched_clock: Marking stable (2212114185, 0)->(4289351956, -2077237771)
[    2.216017] registered taskstats version 1
[    2.217372] Loading compiled-in X.509 certificates
[    2.227933] Loaded X.509 cert 'Build time autogenerated kernel key: 01a66adcc10ca4ce7676a3458c33483b0e2b806e'
[    2.235680] zswap: loaded using pool lzo/zbud
[    2.248223] Key type big_key registered
[    2.250297] Key type trusted registered
[    2.256332] Key type encrypted registered
[    2.257307] AppArmor: AppArmor sha1 policy hashing enabled
[    2.258454] ima: No TPM chip found, activating TPM-bypass! (rc=-19)
[    2.265349] ima: Allocated hash algorithm: sha1
[    2.266434] evm: HMAC attrs: 0x1
[    2.274190]   Magic number: 7:85:851
[    2.274984] rtc_cmos rtc_cmos: setting system clock to 2019-10-30 19:50:40 UTC (1572465040)
[    2.276677] BIOS EDD facility v0.16 2004-Jun-25, 0 devices found
[    2.277698] EDD information not available.
[    2.282639] Freeing unused kernel image memory: 2436K
[    2.304237] Write protecting the kernel read-only data: 20480k
[    2.310611] Freeing unused kernel image memory: 2008K
[    2.313041] Freeing unused kernel image memory: 1884K
[    2.325820] x86/mm: Checked W+X mappings: passed, no W+X pages found.
Loading, please wait...
starting version 237
[    3.149684] Fusion MPT base driver 3.04.20
[    3.151908] Copyright (c) 1999-2008 LSI Corporation
[    3.155192] e1000: Intel(R) PRO/1000 Network Driver - version 7.3.21-k8-NAPI
[    3.159454] e1000: Copyright (c) 1999-2006 Intel Corporation.
[    3.175286] Fusion MPT SPI Host driver 3.04.20
[    3.210142] AVX2 version of gcm_enc/dec engaged.
[    3.212611] AES CTR mode by8 optimization enabled
[    3.369990] input: ImExPS/2 Generic Explorer Mouse as /devices/platform/i8042/serio1/input/input4
[    3.579923] e1000 0000:00:03.0 eth0: (PCI:33MHz:32-bit) 02:c7:16:cf:84:50
[    3.582981] e1000 0000:00:03.0 eth0: Intel(R) PRO/1000 Network Connection
[    3.595157] mptbase: ioc0: Initiating bringup
[    3.611400] e1000 0000:00:03.0 enp0s3: renamed from eth0
[    3.768408] ioc0: LSI53C1030 A0: Capabilities={Initiator}
[    4.018979] scsi host2: ioc0: LSI53C1030 A0, FwRev=00000000h, Ports=1, MaxQ=256, IRQ=20
[    4.321213] scsi 2:0:0:0: Direct-Access     VBOX     HARDDISK         1.0  PQ: 0 ANSI: 5
[    4.364085] scsi target2:0:0: Beginning Domain Validation
[    4.368773] scsi target2:0:0: Domain Validation skipping write tests
[    4.373822] scsi target2:0:0: Ending Domain Validation
[    4.375275] scsi target2:0:0: asynchronous
[    4.376494] scsi 2:0:1:0: Direct-Access     VBOX     HARDDISK         1.0  PQ: 0 ANSI: 5
[    4.968200] scsi target2:0:1: Beginning Domain Validation
[    4.989567] random: fast init done
[    4.991046] scsi target2:0:1: Domain Validation skipping write tests
[    4.992263] scsi target2:0:1: Ending Domain Validation
[    4.993265] scsi target2:0:1: asynchronous
[    5.008352] random: systemd-udevd: uninitialized urandom read (16 bytes read)
[    5.015725] random: systemd-udevd: uninitialized urandom read (16 bytes read)
[    5.017275] sd 2:0:0:0: Attached scsi generic sg0 type 0
[    5.023736] random: systemd-udevd: uninitialized urandom read (16 bytes read)
[    5.024586] sd 2:0:1:0: Attached scsi generic sg1 type 0
[    5.027673] sd 2:0:1:0: [sdb] 20480 512-byte logical blocks: (10.5 MB/10.0 MiB)
[    5.029208] sd 2:0:0:0: [sda] 20971520 512-byte logical blocks: (10.7 GB/10.0 GiB)
[    5.032693] sd 2:0:1:0: [sdb] Write Protect is off
[    5.041322] sd 2:0:0:0: [sda] Write Protect is off
[    5.041423] sd 2:0:1:0: [sdb] Incomplete mode parameter data
[    5.044630] sd 2:0:1:0: [sdb] Assuming drive cache: write through
[    5.047163] sd 2:0:0:0: [sda] Incomplete mode parameter data
[    5.049132] sd 2:0:0:0: [sda] Assuming drive cache: write through
[    5.068756]  sda: sda1
[    5.072553] sd 2:0:1:0: [sdb] Attached SCSI disk
[    5.078182] sd 2:0:0:0: [sda] Attached SCSI disk
Begin: Loading essential drivers ... [    6.776040] raid6: sse2x1   gen()  5260 MB/s
[    6.824037] raid6: sse2x1   xor()  3489 MB/s
[    6.872037] raid6: sse2x2   gen()  5366 MB/s
[    6.920047] raid6: sse2x2   xor()  4570 MB/s
[    6.968085] raid6: sse2x4   gen()  3965 MB/s
[    7.020219] raid6: sse2x4   xor()  2717 MB/s
[    7.079127] raid6: avx2x1   gen()  5210 MB/s
[    7.160047] raid6: avx2x1   xor()  4400 MB/s
[    7.208060] raid6: avx2x2   gen()  7395 MB/s
[    7.260082] raid6: avx2x2   xor()  5277 MB/s
[    7.308076] raid6: avx2x4   gen()  2853 MB/s
[    7.356646] raid6: avx2x4   xor()  4023 MB/s
[    7.357511] raid6: using algorithm avx2x2 gen() 7395 MB/s
[    7.358392] raid6: .... xor() 5277 MB/s, rmw enabled
[    7.385020] raid6: using avx2x2 recovery algorithm
[    7.387813] xor: automatically using best checksumming function   avx       
[    7.406790] async_tx: api initialized (async)
done.
Begin: Running /scripts/init-premount ... done.
Begin: Mounting root file system ... Begin: Running /scripts/local-top ... done.
Begin: Running /scripts/local-premount ... [    7.498749] Btrfs loaded, crc32c=crc32c-intel
Scanning for Btrfs filesystems
done.
Warning: fsck not present, so skipping root file system
[    7.601121] EXT4-fs (sda1): mounted filesystem with ordered data mode. Opts: (null)
done.
Begin: Running /scripts/local-bottom ... done.
Begin: Running /scripts/init-bottom ... done.
[    8.318641] ip_tables: (C) 2000-2006 Netfilter Core Team
[    8.370555] systemd[1]: systemd 237 running in system mode. (+PAM +AUDIT +SELINUX +IMA +APPARMOR +SMACK +SYSVINIT +UTMP +LIBCRYPTSETUP +GCRYPT +GNUTLS +ACL +XZ +LZ4 +SECCOMP +BLKID +ELFUTILS +KMOD -IDN2 +IDN -PCRE2 default-hierarchy=hybrid)
[    8.502785] systemd[1]: Detected virtualization oracle.
[    8.503844] systemd[1]: Detected architecture x86-64.

Welcome to [1mUbuntu 18.04.3 LTS[0m!

[    8.582764] systemd[1]: Set hostname to <ubuntu>.
[    8.950590] systemd[1]: Initializing machine ID from random generator.
[    9.025853] systemd[1]: Installed transient /etc/machine-id file.
[    9.758960] random: crng init done
[    9.766522] random: 7 urandom warning(s) missed due to ratelimiting
[   10.090165] systemd[1]: Created slice User and Session Slice.
[[0;32m  OK  [0m] Created slice User and Session Slice.
[   10.104462] systemd[1]: Created slice System Slice.
[[0;32m  OK  [0m] Created slice System Slice.
[   10.108194] systemd[1]: Created slice system-serial\x2dgetty.slice.
[[0;32m  OK  [0m] Created slice system-serial\x2dgetty.slice.
[   10.116883] systemd[1]: Listening on Journal Socket (/dev/log).
[[0;32m  OK  [0m] Listening on Journal Socket (/dev/log).
[[0;32m  OK  [0m] Reached target User and Group Name Lookups.
[[0;32m  OK  [0m] Listening on LVM2 poll daemon socket.
[[0;32m  OK  [0m] Listening on udev Kernel Socket.
[[0;32m  OK  [0m] Listening on Journal Audit Socket.
[[0;32m  OK  [0m] Listening on udev Control Socket.
[[0;32m  OK  [0m] Started Forward Password Requests to Wall Directory Watch.
[[0;32m  OK  [0m] Listening on /dev/initctl Compatibility Named Pipe.
[[0;32m  OK  [0m] Listening on Journal Socket.
         Starting udev Coldplug all Devices...
         Starting Remount Root and Kernel File Systems...
         Starting Create list of required stâ€¦ce nodes for the current kernel...
         Starting Uncomplicated firewall...
         Starting Load Kernel Modules...
[[0;32m  OK  [0m] Reached target Swap.
[   10.302487] EXT4-fs (sda1): re-mounted. Opts: (null)
[[0;32m  OK  [0m] Listening on Syslog Socket.
         Starting Journal Service...
[[0;32m  OK  [0m] Set up automount Arbitrary Executabâ€¦rmats File System Automount Point.
[[0;32m  OK  [0m] Reached target Slices.
         Starting Set the console keyboard layout...
[   10.347943] Loading iSCSI transport class v2.0-870.
[[0;32m  OK  [0m] Listening on Network Service Netlink Socket.
[[0;32m  OK  [0m] Reached target System Time Synchronized.
         Mounting POSIX Message Queue File System...
[[0;32m  OK  [0m] Listening on LVM2 metadata daemon socket.
         Mounting Kernel Debug File System...
[[0;32m  OK  [0m] Listening on Device-mapper event daemon FIFOs.
         Starting Monitoring of LVM2 mirrorsâ€¦ng dmeventd or progress polling...
[   10.463433] iscsi: registered transport (tcp)
         Mounting Huge Pages File System...
[[0;32m  OK  [0m] Started Journal Service.
[[0;32m  OK  [0m] Started Remount Root and Kernel File Systems.
[[0;32m  OK  [0m] Started Create list of required staâ€¦vice nodes for the current kernel.
[[0;32m  OK  [0m] Started Uncomplicated firewall.
[[0;32m  OK  [0m] Mounted POSIX Message Queue File System.
[[0;32m  OK  [0m] Mounted Kernel Debug File System.
[[0;32m  OK  [0m] Mounted Huge Pages File System.
[[0;32m  OK  [0m] Started udev Coldplug all Devices.
         Starting Create Static Device Nodes in /dev...
         Starting Load/Save Random Seed...
         Starting Flush Journal to Persistent Storage...
[[0;32m  OK  [0m] Started LVM2 metadata daemon.
[   10.944944] systemd-journald[390]: Received request to flush runtime journal from PID 1
[[0;32m  OK  [0m] Started Load/Save Random Seed.[   11.035465] iscsi: registered transport (iser)

[[0;32m  OK  [0m] Started Load Kernel Modules.
         Starting Apply Kernel Variables...
         Mounting FUSE Control File System...
         Mounting Kernel Configuration File System...
[[0;32m  OK  [0m] Started Create Static Device Nodes in /dev.
[[0;32m  OK  [0m] Mounted FUSE Control File System.
[[0;32m  OK  [0m] Mounted Kernel Configuration File System.
         Starting udev Kernel Device Manager...
[[0;32m  OK  [0m] Started Flush Journal to Persistent Storage.
[[0;32m  OK  [0m] Started Monitoring of LVM2 mirrors,â€¦sing dmeventd or progress polling.
[[0;32m  OK  [0m] Started Apply Kernel Variables.
[[0;32m  OK  [0m] Started udev Kernel Device Manager.
[[0;32m  OK  [0m] Found device /dev/ttyS0.
[[0;32m  OK  [0m] Listening on Load/Save RF Kill Switch Status /dev/rfkill Watch.
[[0;32m  OK  [0m] Started Set the console keyboard layout.
[[0;32m  OK  [0m] Started Dispatch Password Requests to Console Directory Watch.
[[0;32m  OK  [0m] Reached target Local Encrypted Volumes.
[[0;32m  OK  [0m] Reached target Local File Systems (Pre).
[[0;32m  OK  [0m] Reached target Local File Systems.
         Starting Commit a transient machine-id on disk...
         Starting Tell Plymouth To Write Out Runtime Data...
         Starting AppArmor initialization...
         Starting ebtables ruleset management...
         Starting Set console font and keymap...
         Starting Create Volatile Files and Directories...
[[0;32m  OK  [0m] Started Tell Plymouth To Write Out Runtime Data.
[[0;32m  OK  [0m] Started Set console font and keymap.
[[0;32m  OK  [0m] Started Commit a transient machine-id on disk.
[[0;32m  OK  [0m] Started Create Volatile Files and Directories.
         Starting Update UTMP about System Boot/Shutdown...
[[0;32m  OK  [0m] Started Update UTMP about System Boot/Shutdown.
[[0;32m  OK  [0m] Started ebtables ruleset management.
[[0;32m  OK  [0m] Started AppArmor initialization.
         Starting Initial cloud-init job (pre-networking)...
[   19.946470] cloud-init[657]: Cloud-init v. 19.2-36-g059d049c-0ubuntu2~18.04.1 running 'init-local' at Wed, 30 Oct 2019 19:50:57 +0000. Up 18.85 seconds.
[[0;32m  OK  [0m] Started Initial cloud-init job (pre-networking).
[[0;32m  OK  [0m] Reached target Network (Pre).
         Starting Network Service...
[[0;32m  OK  [0m] Started Network Service.
         Starting Network Name Resolution...
         Starting Wait for Network to be Configured...
[[0;32m  OK  [0m] Started Network Name Resolution.
[[0;32m  OK  [0m] Reached target Network.
[[0;32m  OK  [0m] Reached target Host and Network Name Lookups.
[[0;32m  OK  [0m] Started Wait for Network to be Configured.
         Starting Initial cloud-init job (metadata service crawler)...
[   23.410321] cloud-init[770]: Cloud-init v. 19.2-36-g059d049c-0ubuntu2~18.04.1 running 'init' at Wed, 30 Oct 2019 19:51:01 +0000. Up 23.07 seconds.
[   23.417388] cloud-init[770]: ci-info: ++++++++++++++++++++++++++++++++++++++Net device info++++++++++++++++++++++++++++++++++++++
[   23.426362] cloud-init[770]: ci-info: +--------+------+----------------------------+---------------+--------+-------------------+
[   23.444491] cloud-init[770]: ci-info: | Device |  Up  |          Address           |      Mask     | Scope  |     Hw-Address    |
[   23.506001] cloud-init[770]: ci-info: +--------+------+----------------------------+---------------+--------+-------------------+
[   23.508418] cloud-init[770]: ci-info: | enp0s3 | True |         10.0.2.15          | 255.255.255.0 | global | 02:c7:16:cf:84:50 |
[   23.534414] cloud-init[770]: ci-info: | enp0s3 | True | fe80::c7:16ff:fecf:8450/64 |       .       |  link  | 02:c7:16:cf:84:50 |
[   23.541583] cloud-init[770]: ci-info: |   lo   | True |         127.0.0.1          |   255.0.0.0   |  host  |         .         |
[   23.544321] cloud-init[770]: ci-info: |   lo   | True |          ::1/128           |       .       |  host  |         .         |
[   23.576451] cloud-init[770]: ci-info: +--------+------+----------------------------+---------------+--------+-------------------+
[   23.594216] cloud-init[770]: ci-info: ++++++++++++++++++++++++++++Route IPv4 info+++++++++++++++++++++++++++++
[   23.620224] cloud-init[770]: ci-info: +-------+-------------+----------+-----------------+-----------+-------+
[   23.626072] cloud-init[770]: ci-info: | Route | Destination | Gateway  |     Genmask     | Interface | Flags |
[   23.634855] cloud-init[770]: ci-info: +-------+-------------+----------+-----------------+-----------+-------+
[   23.641199] cloud-init[770]: ci-info: |   0   |   0.0.0.0   | 10.0.2.2 |     0.0.0.0     |   enp0s3  |   UG  |
[   23.652799] cloud-init[770]: ci-info: |   1   |   10.0.2.0  | 0.0.0.0  |  255.255.255.0  |   enp0s3  |   U   |
[   23.657084] cloud-init[770]: ci-info: |   2   |   10.0.2.2  | 0.0.0.0  | 255.255.255.255 |   enp0s3  |   UH  |
[   23.685242] cloud-init[770]: ci-info: +-------+-------------+----------+-----------------+-----------+-------+
[   23.698193] cloud-init[770]: ci-info: +++++++++++++++++++Route IPv6 info+++++++++++++++++++
[   23.704397] cloud-init[770]: ci-info: +-------+-------------+---------+-----------+-------+
[   23.722913] cloud-init[770]: ci-info: | Route | Destination | Gateway | Interface | Flags |
[   23.735759] cloud-init[770]: ci-info: +-------+-------------+---------+-----------+-------+
[   23.750712] cloud-init[770]: ci-info: |   1   |  fe80::/64  |    ::   |   enp0s3  |   U   |
[   23.761724] cloud-init[770]: ci-info: |   3   |    local    |    ::   |   enp0s3  |   U   |
[   23.775417] cloud-init[770]: ci-info: |   4   |   ff00::/8  |    ::   |   enp0s3  |   U   |
[   23.783485] cloud-init[770]: ci-info: +-------+-------------+---------+-----------+-------+
[   25.315017] cloud-init[770]: Generating public/private rsa key pair.
[   25.328995] cloud-init[770]: Your identification has been saved in /etc/ssh/ssh_host_rsa_key.
[   25.332987] cloud-init[770]: Your public key has been saved in /etc/ssh/ssh_host_rsa_key.pub.
[   25.338213] cloud-init[770]: The key fingerprint is:
[   25.340506] cloud-init[770]: SHA256:oX71ONBWxjJ4eSK1vtBIH7G/0DuW8grSqvxe8bIWIKw root@ubuntu-bionic
[   25.346736] cloud-init[770]: The key's randomart image is:
[   25.349031] cloud-init[770]: +---[RSA 2048]----+
[   25.352638] cloud-init[770]: |          o      |
[   25.354907] cloud-init[770]: |         o *     |
[   25.357120] cloud-init[770]: |   .    = X =    |
[   25.362354] cloud-init[770]: |    o .o X @     |
[   25.364718] cloud-init[770]: |   . ...S O o    |
[   25.367380] cloud-init[770]: |  E  . ..B = +   |
[   25.380396] cloud-init[770]: |      o *.* B    |
[   25.382739] cloud-init[770]: |   .   =.+ = .   |
[   25.386118] cloud-init[770]: |    o++.. ...    |
[   25.388436] cloud-init[770]: +----[SHA256]-----+
[   25.390771] cloud-init[770]: Generating public/private dsa key pair.
[   25.408697] cloud-init[770]: Your identification has been saved in /etc/ssh/ssh_host_dsa_key.
[   25.418193] cloud-init[770]: Your public key has been saved in /etc/ssh/ssh_host_dsa_key.pub.
[   25.422752] cloud-init[770]: The key fingerprint is:
[   25.425036] cloud-init[770]: SHA256:4NszBmCJ2pvtqnIQ9pLyrJSJ1nwp0TF3d0MJ03BTOxg root@ubuntu-bionic
[   25.430137] cloud-init[770]: The key's randomart image is:
[   25.432806] cloud-init[770]: +---[DSA 1024]----+
[   25.435566] cloud-init[770]: |           ++Eo. |
[   25.438386] cloud-init[770]: |   . .      +o+ .|
[   25.442210] cloud-init[770]: |  . +o.. . . + o |
[   25.448147] cloud-init[770]: |.+ ..o+.. . . . .|
[   25.450692] cloud-init[770]: |o.+. .o S        |
[   25.453676] cloud-init[770]: |+o==. .+         |
[   25.457318] cloud-init[770]: |oO++.o. =        |
[   25.463429] cloud-init[770]: |+ +.o  . o       |
[   25.467235] cloud-init[770]: |++...            |
[[0;32m  OK  [0m] Started Initial cloud-init job (metadata service crawler).
[   25.482187] cloud-init[770]: +----[SHA256]-----+
[[0;32m  OK  [0m] Reached target Cloud-config availability.
[[0;32m  OK  [0m] Reached target System Initialization.
[   25.485902] cloud-init[770]: Generating public/private ecdsa key pair.
[[0;32m  OK  [0m] Started Message of the Day.
[   25.517544] cloud-init[770]: Your identification has been saved in /etc/ssh/ssh_host_ecdsa_key.
[   25.525272] cloud-init[770]: Your public key has been saved in /etc/ssh/ssh_host_ecdsa_key.pub.
[   25.552594] cloud-init[770]: The key fingerprint is:
[   25.555343] cloud-init[770]: SHA256:dBE2HlGl4Dw5C5RQVPLvalED3i6IQFM8Ww5uMsyKp3I root@ubuntu-bionic
[   25.558041] cloud-init[770]: The key's randomart image is:
         Starting LXD - unix socket.
[   25.587846] cloud-init[770]: +---[ECDSA 256]---+
[[0;32m  OK  [0m] [   25.589488] cloud-init[770]: |     oo+=oX+...  |
Listening on D-Bus System Message Bus Socket.[   25.590638] cloud-init[770]: |    o +.oB.* .   |
[   25.591384] 
cloud-init[770]: |   + o *o.Xo.    |
[   25.591641] cloud-init[770]: |    * +..o.=+    |
[[0;32m  OK  [0m[   25.599184] cloud-init[770]: | . . = .S..o..   |
] Listening on Open-iSCSI iscsid Socket.[   25.600200] cloud-init[770]: |. o   . . o..    |

[   25.601527] cloud-init[770]: | o         o.    |
[[   25.607220] cloud-init[770]: |o E       ..     |
[0;32m  OK  [0m] Listening on ACPID Listen Socket.
[[0;32m  OK  [0m] Started Discard unused blocks once a week.
[[0;32m  OK  [0m] Listening on UUID daemon activation socket.
[[0;32m  OK  [0m] Started Daily apt download activities.
[[0;32m  OK  [0m] Started Daily apt upgrade and clean activities.
[   25.608394] cloud-init[770]: |..       ..      |
         Starting Socket activation for snappy daemon.
[   25.655919] cloud-init[770]: +----[SHA256]-----+
[   25.658448] cloud-init[770]: Generating public/private ed25519 key pair.
[[0;32m  OK  [0m] Started ACPI Events Check.
[   25.678706] cloud-init[770]: Your identification has been saved in /etc/ssh/ssh_host_ed25519_key.
[[0;32m  OK  [0m] Reached target Paths.
[[0;32m  OK  [0m] Started Daily Cleanup of Temporary Directories.
[[0;32m  OK  [0m] Reached target Timers.
[[0;32m  OK  [0m] Reached target Network is Online.
         Starting Availability of block devices...
[   25.755183] cloud-init[770]: Your public key has been saved in /etc/ssh/ssh_host_ed25519_key.pub.
[[0;32m  OK  [0m[   25.781240] cloud-init[770]: The key fingerprint is:
[   25.783159] cloud-init[770]: SHA256:/r29FdpfuMoY/vEPYFpQAzsJXLubyCVXHB3dTb+WFk4 root@ubuntu-bionic
] [   25.785045] cloud-init[770]: The key's randomart image is:
Reached target Remote File Systems (Pre).
[   25.786104] cloud-init[770]: +--[ED25519 256]--+
[[   25.788145] cloud-init[770]: |       ...o.+..++|
[0;32m  OK  [0m[   25.789113] cloud-init[770]: |        .. * o. =|
] Reached target Remote File Systems.
[   25.789904] cloud-init[770]: |          * o  E.|
[[0;32m  OK  [0m] [   25.855854] cloud-init[770]: |           =  o +|
Listening on LXD - unix socket.
[   25.856206] cloud-init[770]: |        S + +  B |
[[0;32m  OK  [0m] Listening on Socket activation for snappy daemon.
[   25.904390] cloud-init[770]: |       o = * .=..|
[[0;32m  OK  [0m[   25.956766] cloud-init[770]: |        + = ..o.o|
] Started Availability of block devices.
[[0;32m  OK  [0m] Reached target Sockets.
[[0;32m  OK  [0m] Reached target Basic System.
[   25.957947] cloud-init[770]: |         o = + +o|
         Starting Virtualbox guest utils...
[   25.997210] cloud-init[770]: |          +.*o=oo|
[   25.999480] cloud-init[770]: +----[SHA256]-----+
         Starting Permit User Sessions...
         Starting Accounts Service...
         Starting Snappy daemon...
         Starting Pollinate to seed the pseudo random number generator...
[[0;32m  OK  [0m] Started Regular background program processing daemon.
         Starting LSB: automatic crash report generation...
[[0;32m  OK  [0m] Started D-Bus System Message Bus.
         Starting Dispatcher daemon for systemd-networkd...
         Starting System Logging Service...
         Starting Login Service...
         Starting LSB: Record successful boot for GRUB...
[[0;32m  OK  [0m] Started irqbalance daemon.
[[0;32m  OK  [0m] Started FUSE filesystem for LXC.
[[0;32m  OK  [0m] Started Deferred execution scheduler.
         Starting LXD - container startup/shutdown...
[[0;32m  OK  [0m] Started Permit User Sessions.
[[0;32m  OK  [0m] Started System Logging Service.
         Starting Authorization Manager...
         Starting Terminate Plymouth Boot Screen...
         Starting Hold until boot process finishes up...
[[0;32m  OK  [0m] Started Terminate Plymouth Boot Screen.
[[0;32m  OK  [0m] Started Hold until boot process finishes up.
[[0;32m  OK  [0m] Started Login Service.
[[0;32m  OK  [0m] Started Unattended Upgrades Shutdown.
[[0;32m  OK  [0m] Started Serial Getty on ttyS0.
         Starting Set console scheme...
[[0;32m  OK  [0m] Started LSB: automatic crash report generation.
[[0;32m  OK  [0m] Started Set console scheme.
[[0;32m  OK  [0m] Created slice system-getty.slice.
[[0;32m  OK  [0m] Started Getty on tty1.
[[0;32m  OK  [0m] Reached target Login Prompts.
[[0;32m  OK  [0m] Started LSB: Record successful boot for GRUB.
[[0;32m  OK  [0m] Started Authorization Manager.
[[0;32m  OK  [0m] Started Accounts Service.
[[0;32m  OK  [0m] Started Virtualbox guest utils.
[[0;32m  OK  [0m] Started Dispatcher daemon for systemd-networkd.
[[0;32m  OK  [0m] Started LXD - container startup/shutdown.
[[0;32m  OK  [0m] Started Snappy daemon.
         Starting Wait until snapd is fully seeded...
[[0;32m  OK  [0m] Started Pollinate to seed the pseudo random number generator.
         Starting OpenBSD Secure Shell server...
[[0;32m  OK  [0m] Started OpenBSD Secure Shell server.
[[0;32m  OK  [0m] Created slice User Slice of vagrant.
         Starting User Manager for UID 1000...
[[0;32m  OK  [0m] Started Session 1 of user vagrant.
[[0;32m  OK  [0m] Started User Manager for UID 1000.

Ubuntu 18.04.3 LTS ubuntu-bionic ttyS0

ubuntu-bionic login: [   40.206261] cloud-init[1385]: Cloud-init v. 19.2-36-g059d049c-0ubuntu2~18.04.1 running 'modules:config' at Wed, 30 Oct 2019 19:51:16 +0000. Up 38.36 seconds.
ci-info: no authorized ssh keys fingerprints found for user ubuntu.
<14>Oct 30 19:51:20 ec2: 
<14>Oct 30 19:51:20 ec2: #############################################################
<14>Oct 30 19:51:20 ec2: -----BEGIN SSH HOST KEY FINGERPRINTS-----
<14>Oct 30 19:51:20 ec2: 1024 SHA256:4NszBmCJ2pvtqnIQ9pLyrJSJ1nwp0TF3d0MJ03BTOxg root@ubuntu-bionic (DSA)
<14>Oct 30 19:51:20 ec2: 256 SHA256:dBE2HlGl4Dw5C5RQVPLvalED3i6IQFM8Ww5uMsyKp3I root@ubuntu-bionic (ECDSA)
<14>Oct 30 19:51:20 ec2: 256 SHA256:/r29FdpfuMoY/vEPYFpQAzsJXLubyCVXHB3dTb+WFk4 root@ubuntu-bionic (ED25519)
<14>Oct 30 19:51:20 ec2: 2048 SHA256:oX71ONBWxjJ4eSK1vtBIH7G/0DuW8grSqvxe8bIWIKw root@ubuntu-bionic (RSA)
<14>Oct 30 19:51:20 ec2: -----END SSH HOST KEY FINGERPRINTS-----
<14>Oct 30 19:51:20 ec2: #############################################################
-----BEGIN SSH HOST KEY KEYS-----
ecdsa-sha2-nistp256 AAAAE2VjZHNhLXNoYTItbmlzdHAyNTYAAAAIbmlzdHAyNTYAAABBBLaF9gjA5pOUhGH+a8fdlPVL5m2EezDcD4uVCRPRJI/bYiSuCzATzEYCozEkVxneYdWUUrtWirFwFSrredQkVLw= root@ubuntu-bionic
ssh-ed25519 AAAAC3NzaC1lZDI1NTE5AAAAIAI8J+amGpY6sPw/sWYEG1gFhCOhFsATfb0Z+HtmPF3n root@ubuntu-bionic
ssh-rsa AAAAB3NzaC1yc2EAAAADAQABAAABAQDQvTdfmrGgjd6ZREV5xMkNxMONA+lMSR05EEMd2YOFEXNc86ydctbaaCIxLa9qCGL6Rcj/Ck5gL70Ag85igCVJjN594NSEder90JCCs1F8c4Mhv5u0egj3jggI14gwzQ9ukv6QPL7DSeNTPv6TC9+74NcAwXzIZ+NqcbOCXIl8h7pvQJdXIZKZiNdI9Z/C7SAY6ZWd9Cz+KgNbVeAFpG3642mMuSoR1CdLKATkrf5VZ6QnuilbR4pHyJ5v5dpYp38ZEJiw57W36jomYkCJDYf+y92qDsk0L40K4dPeIwirnd8g1/vIa4N7D07acax8o05PSCoZ4WsKuDlB9kVTeJVB root@ubuntu-bionic
-----END SSH HOST KEY KEYS-----
[   42.051045] cloud-init[1545]: Cloud-init v. 19.2-36-g059d049c-0ubuntu2~18.04.1 running 'modules:final' at Wed, 30 Oct 2019 19:51:19 +0000. Up 41.50 seconds.
[   42.067227] cloud-init[1545]: ci-info: no authorized ssh keys fingerprints found for user ubuntu.
[   42.067784] cloud-init[1545]: Cloud-init v. 19.2-36-g059d049c-0ubuntu2~18.04.1 finished at Wed, 30 Oct 2019 19:51:20 +0000. Datasource DataSourceNoCloud [seed=/dev/sdb][dsmode=net].  Up 42.02 seconds
